May 10 20:10:24 ubuntu rsyslogd: [origin software="rsyslogd" swVersion="8.16.0" x-pid="833" x-info="http://www.rsyslog.com"] rsyslogd was HUPed
May 10 20:10:27 ubuntu anacron[830]: Job `cron.daily' terminated
May 10 20:10:27 ubuntu anacron[830]: Normal exit (1 job run)
May 10 20:17:01 ubuntu CRON[3310]: (root) CMD (   cd / && run-parts --report /etc/cron.hourly)
May 10 20:18:18 ubuntu AptDaemon: INFO: Quitting due to inactivity
May 10 20:18:18 ubuntu org.debian.apt[823]: 20:18:18 AptDaemon [INFO]: Quitting due to inactivity
May 10 20:18:18 ubuntu org.debian.apt[823]: 20:18:18 AptDaemon [INFO]: Quitting was requested
May 10 20:18:18 ubuntu AptDaemon: INFO: Quitting was requested
May 10 20:19:27 ubuntu dhclient[978]: DHCPREQUEST of 192.168.73.137 on ens33 to 192.168.73.254 port 67 (xid=0x2ce37d0c)
May 10 20:19:27 ubuntu dhclient[978]: DHCPACK of 192.168.73.137 from 192.168.73.254
May 10 20:19:27 ubuntu NetworkManager[828]: <info>  [1652185167.8016]   address 192.168.73.137
May 10 20:19:27 ubuntu NetworkManager[828]: <info>  [1652185167.8020]   plen 24 (255.255.255.0)
May 10 20:19:27 ubuntu NetworkManager[828]: <info>  [1652185167.8022]   gateway 192.168.73.2
May 10 20:19:27 ubuntu NetworkManager[828]: <info>  [1652185167.8023]   server identifier 192.168.73.254
May 10 20:19:27 ubuntu NetworkManager[828]: <info>  [1652185167.8024]   lease time 1800
May 10 20:19:27 ubuntu NetworkManager[828]: <info>  [1652185167.8025]   nameserver '192.168.73.2'
May 10 20:19:27 ubuntu NetworkManager[828]: <info>  [1652185167.8035]   domain name 'localdomain'
May 10 20:19:27 ubuntu NetworkManager[828]: <info>  [1652185167.8038]   wins '192.168.73.2'
May 10 20:19:27 ubuntu NetworkManager[828]: <info>  [1652185167.8039] dhcp4 (ens33): state changed bound -> bound
May 10 20:19:27 ubuntu dbus[823]: [system] Activating via systemd: service name='org.freedesktop.nm_dispatcher' unit='dbus-org.freedesktop.nm-dispatcher.service'
May 10 20:19:27 ubuntu systemd[1]: Starting Network Manager Script Dispatcher Service...
May 10 20:19:27 ubuntu dbus[823]: [system] Successfully activated service 'org.freedesktop.nm_dispatcher'
May 10 20:19:27 ubuntu systemd[1]: Started Network Manager Script Dispatcher Service.
May 10 20:19:27 ubuntu nm-dispatcher: req:1 'dhcp4-change' [ens33]: new request (1 scripts)
May 10 20:19:27 ubuntu nm-dispatcher: req:1 'dhcp4-change' [ens33]: start running ordered scripts...
May 10 20:19:27 ubuntu dhclient[978]: bound to 192.168.73.137 -- renewal in 686 seconds.
May 10 20:20:47 ubuntu systemd[1]: Starting Cleanup of Temporary Directories...
May 10 20:20:47 ubuntu systemd-tmpfiles[3353]: [/usr/lib/tmpfiles.d/var.conf:14] Duplicate line for path "/var/log", ignoring.
May 10 20:20:47 ubuntu systemd[1]: Started Cleanup of Temporary Directories.
May 10 20:30:47 ubuntu systemd[1]: Starting Ubuntu Advantage Timer for running repeated jobs...
May 10 20:30:48 ubuntu systemd[1]: Started Ubuntu Advantage Timer for running repeated jobs.
May 10 20:30:53 ubuntu dhclient[978]: DHCPREQUEST of 192.168.73.137 on ens33 to 192.168.73.254 port 67 (xid=0x2ce37d0c)
May 10 20:30:53 ubuntu dhclient[978]: DHCPACK of 192.168.73.137 from 192.168.73.254
May 10 20:30:53 ubuntu NetworkManager[828]: <info>  [1652185853.5373]   address 192.168.73.137
May 10 20:30:53 ubuntu NetworkManager[828]: <info>  [1652185853.5375]   plen 24 (255.255.255.0)
May 10 20:30:53 ubuntu NetworkManager[828]: <info>  [1652185853.5377]   gateway 192.168.73.2
May 10 20:30:53 ubuntu NetworkManager[828]: <info>  [1652185853.5378]   server identifier 192.168.73.254
May 10 20:30:53 ubuntu NetworkManager[828]: <info>  [1652185853.5379]   lease time 1800
May 10 20:30:53 ubuntu NetworkManager[828]: <info>  [1652185853.5381]   nameserver '192.168.73.2'
May 10 20:30:53 ubuntu NetworkManager[828]: <info>  [1652185853.5382]   domain name 'localdomain'
May 10 20:30:53 ubuntu NetworkManager[828]: <info>  [1652185853.5383]   wins '192.168.73.2'
May 10 20:30:53 ubuntu NetworkManager[828]: <info>  [1652185853.5385] dhcp4 (ens33): state changed bound -> bound
May 10 20:30:53 ubuntu dbus[823]: [system] Activating via systemd: service name='org.freedesktop.nm_dispatcher' unit='dbus-org.freedesktop.nm-dispatcher.service'
May 10 20:30:53 ubuntu systemd[1]: Starting Network Manager Script Dispatcher Service...
May 10 20:30:53 ubuntu dbus[823]: [system] Successfully activated service 'org.freedesktop.nm_dispatcher'
May 10 20:30:53 ubuntu systemd[1]: Started Network Manager Script Dispatcher Service.
May 10 20:30:53 ubuntu nm-dispatcher: req:1 'dhcp4-change' [ens33]: new request (1 scripts)
May 10 20:30:53 ubuntu nm-dispatcher: req:1 'dhcp4-change' [ens33]: start running ordered scripts...
May 10 20:30:53 ubuntu dhclient[978]: bound to 192.168.73.137 -- renewal in 759 seconds.
May 10 20:41:02 ubuntu rtkit-daemon[1268]: The canary thread is apparently starving. Taking action.
May 10 20:41:02 ubuntu rtkit-daemon[1268]: Demoting known real-time threads.
May 10 20:41:02 ubuntu rtkit-daemon[1268]: Successfully demoted thread 2242 of process 2222 (n/a).
May 10 20:41:02 ubuntu rtkit-daemon[1268]: Successfully demoted thread 2222 of process 2222 (n/a).
May 10 20:41:02 ubuntu rtkit-daemon[1268]: Demoted 2 threads.
May 10 20:41:02 ubuntu kernel: [ 2143.932560] e1000: ens33 NIC Link is Down
May 10 20:41:02 ubuntu NetworkManager[828]: <info>  [1652186462.6151] device (ens33): link disconnected (deferring action for 4 seconds)
May 10 20:41:06 ubuntu NetworkManager[828]: <info>  [1652186466.6524] device (ens33): link disconnected (calling deferred action)
May 10 20:41:06 ubuntu NetworkManager[828]: <info>  [1652186466.6528] device (ens33): state change: activated -> unavailable (reason 'carrier-changed') [100 20 40]
May 10 20:41:06 ubuntu NetworkManager[828]: <info>  [1652186466.6542] dhcp4 (ens33): canceled DHCP transaction, DHCP client pid 978
May 10 20:41:06 ubuntu NetworkManager[828]: <info>  [1652186466.6542] dhcp4 (ens33): state changed bound -> done
May 10 20:41:06 ubuntu avahi-daemon[834]: Withdrawing address record for 192.168.73.137 on ens33.
May 10 20:41:06 ubuntu avahi-daemon[834]: Leaving mDNS multicast group on interface ens33.IPv4 with address 192.168.73.137.
May 10 20:41:06 ubuntu avahi-daemon[834]: Interface ens33.IPv4 no longer relevant for mDNS.
May 10 20:41:06 ubuntu avahi-daemon[834]: Withdrawing address record for fe80::e65a:73a1:abe2:47a7 on ens33.
May 10 20:41:06 ubuntu avahi-daemon[834]: Leaving mDNS multicast group on interface ens33.IPv6 with address fe80::e65a:73a1:abe2:47a7.
May 10 20:41:06 ubuntu avahi-daemon[834]: Interface ens33.IPv6 no longer relevant for mDNS.
May 10 20:41:06 ubuntu dnsmasq[1073]: setting upstream servers from DBus
May 10 20:41:06 ubuntu NetworkManager[828]: <info>  [1652186466.6662] dns-mgr: Writing DNS information to /sbin/resolvconf
May 10 20:41:06 ubuntu systemd[1]: Reloading LSB: Postfix Mail Transport Agent.
May 10 20:41:06 ubuntu postfix[3487]:  * Reloading Postfix configuration...
May 10 20:41:06 ubuntu postfix[3491]: Postfix is running with backwards-compatible default settings
May 10 20:41:06 ubuntu postfix[3491]: See http://www.postfix.org/COMPATIBILITY_README.html for details
May 10 20:41:06 ubuntu postfix[3491]: To disable backwards compatibility use "postconf compatibility_level=2" and "postfix reload"
May 10 20:41:06 ubuntu postfix/master[1519]: reload -- version 3.1.0, configuration /etc/postfix
May 10 20:41:06 ubuntu postfix[3487]:    ...done.
May 10 20:41:06 ubuntu systemd[1]: Reloaded LSB: Postfix Mail Transport Agent.
May 10 20:41:06 ubuntu NetworkManager[828]: <info>  [1652186466.7616] manager: NetworkManager state is now CONNECTED_LOCAL
May 10 20:41:06 ubuntu NetworkManager[828]: <info>  [1652186466.7618] manager: NetworkManager state is now DISCONNECTED
May 10 20:41:06 ubuntu dbus[823]: [system] Activating via systemd: service name='org.freedesktop.nm_dispatcher' unit='dbus-org.freedesktop.nm-dispatcher.service'
May 10 20:41:06 ubuntu systemd[1]: Starting Network Manager Script Dispatcher Service...
May 10 20:41:06 ubuntu dbus[823]: [system] Successfully activated service 'org.freedesktop.nm_dispatcher'
May 10 20:41:06 ubuntu nm-dispatcher: req:1 'down' [ens33]: new request (1 scripts)
May 10 20:41:06 ubuntu nm-dispatcher: req:1 'down' [ens33]: start running ordered scripts...
May 10 20:41:06 ubuntu systemd[1]: Started Network Manager Script Dispatcher Service.
May 10 20:41:08 ubuntu NetworkManager[828]: <info>  [1652186468.6649] device (ens33): link connected
May 10 20:41:08 ubuntu kernel: [ 2149.982293] e1000: ens33 NIC Link is Up 1000 Mbps Full Duplex, Flow Control: None
May 10 20:41:08 ubuntu NetworkManager[828]: <info>  [1652186468.6658] device (ens33): state change: unavailable -> disconnected (reason 'carrier-changed') [20 30 40]
May 10 20:41:08 ubuntu NetworkManager[828]: <info>  [1652186468.6834] policy: auto-activating connection '有线连接 1'
May 10 20:41:08 ubuntu NetworkManager[828]: <info>  [1652186468.6868] device (ens33): Activation: starting connection '有线连接 1' (cec2fee8-4233-3661-8217-cc5c7d4225d6)
May 10 20:41:08 ubuntu NetworkManager[828]: <info>  [1652186468.6889] device (ens33): state change: disconnected -> prepare (reason 'none') [30 40 0]
May 10 20:41:08 ubuntu NetworkManager[828]: <info>  [1652186468.6895] manager: NetworkManager state is now CONNECTING
May 10 20:41:08 ubuntu NetworkManager[828]: <info>  [1652186468.6954] device (ens33): state change: prepare -> config (reason 'none') [40 50 0]
May 10 20:41:08 ubuntu NetworkManager[828]: <info>  [1652186468.7016] device (ens33): state change: config -> ip-config (reason 'none') [50 70 0]
May 10 20:41:08 ubuntu NetworkManager[828]: <info>  [1652186468.7025] dhcp4 (ens33): activation: beginning transaction (timeout in 45 seconds)
May 10 20:41:08 ubuntu NetworkManager[828]: <info>  [1652186468.7290] dhcp4 (ens33): dhclient started with pid 3521
May 10 20:41:08 ubuntu dhclient[3521]: DHCPREQUEST of 192.168.73.137 on ens33 to 255.255.255.255 port 67 (xid=0x2e96a6b9)
May 10 20:41:08 ubuntu dhclient[3521]: DHCPACK of 192.168.73.137 from 192.168.73.254
May 10 20:41:08 ubuntu NetworkManager[828]: <info>  [1652186468.7672]   address 192.168.73.137
May 10 20:41:08 ubuntu NetworkManager[828]: <info>  [1652186468.7709]   plen 24 (255.255.255.0)
May 10 20:41:08 ubuntu NetworkManager[828]: <info>  [1652186468.7713]   gateway 192.168.73.2
May 10 20:41:08 ubuntu NetworkManager[828]: <info>  [1652186468.7714]   server identifier 192.168.73.254
May 10 20:41:08 ubuntu NetworkManager[828]: <info>  [1652186468.7715]   lease time 1800
May 10 20:41:08 ubuntu NetworkManager[828]: <info>  [1652186468.7716]   nameserver '192.168.73.2'
May 10 20:41:08 ubuntu NetworkManager[828]: <info>  [1652186468.7718]   domain name 'localdomain'
May 10 20:41:08 ubuntu NetworkManager[828]: <info>  [1652186468.7719]   wins '192.168.73.2'
May 10 20:41:08 ubuntu NetworkManager[828]: <info>  [1652186468.7720] dhcp4 (ens33): state changed unknown -> bound
May 10 20:41:08 ubuntu avahi-daemon[834]: Joining mDNS multicast group on interface ens33.IPv4 with address 192.168.73.137.
May 10 20:41:08 ubuntu avahi-daemon[834]: New relevant interface ens33.IPv4 for mDNS.
May 10 20:41:08 ubuntu avahi-daemon[834]: Registering new address record for 192.168.73.137 on ens33.IPv4.
May 10 20:41:08 ubuntu NetworkManager[828]: <info>  [1652186468.7768] device (ens33): state change: ip-config -> ip-check (reason 'none') [70 80 0]
May 10 20:41:08 ubuntu NetworkManager[828]: <info>  [1652186468.7820] device (ens33): state change: ip-check -> secondaries (reason 'none') [80 90 0]
May 10 20:41:08 ubuntu NetworkManager[828]: <info>  [1652186468.7853] device (ens33): state change: secondaries -> activated (reason 'none') [90 100 0]
May 10 20:41:08 ubuntu NetworkManager[828]: <info>  [1652186468.7858] manager: NetworkManager state is now CONNECTED_LOCAL
May 10 20:41:08 ubuntu NetworkManager[828]: <info>  [1652186468.7894] manager: NetworkManager state is now CONNECTED_GLOBAL
May 10 20:41:08 ubuntu NetworkManager[828]: <info>  [1652186468.7932] policy: set '有线连接 1' (ens33) as default for IPv4 routing and DNS
May 10 20:41:08 ubuntu dnsmasq[1073]: setting upstream servers from DBus
May 10 20:41:08 ubuntu dnsmasq[1073]: using nameserver 192.168.73.2#53(via ens33)
May 10 20:41:08 ubuntu NetworkManager[828]: <info>  [1652186468.7946] dns-mgr: Writing DNS information to /sbin/resolvconf
May 10 20:41:08 ubuntu dhclient[3521]: bound to 192.168.73.137 -- renewal in 728 seconds.
May 10 20:41:10 ubuntu avahi-daemon[834]: Joining mDNS multicast group on interface ens33.IPv6 with address fe80::e65a:73a1:abe2:47a7.
May 10 20:41:10 ubuntu avahi-daemon[834]: New relevant interface ens33.IPv6 for mDNS.
May 10 20:41:10 ubuntu avahi-daemon[834]: Registering new address record for fe80::e65a:73a1:abe2:47a7 on ens33.*.
May 10 20:41:11 ubuntu whoopsie[1375]: [20:41:11] Cannot reach: https://daisy.ubuntu.com
May 10 20:41:11 ubuntu whoopsie[1375]: [20:41:11] offline
May 10 20:41:13 ubuntu systemd[1]: Reloading LSB: Postfix Mail Transport Agent.
May 10 20:41:13 ubuntu postfix[3591]:  * Reloading Postfix configuration...
May 10 20:41:13 ubuntu postfix[3595]: Postfix is running with backwards-compatible default settings
May 10 20:41:13 ubuntu postfix[3595]: See http://www.postfix.org/COMPATIBILITY_README.html for details
May 10 20:41:13 ubuntu postfix[3595]: To disable backwards compatibility use "postconf compatibility_level=2" and "postfix reload"
May 10 20:41:13 ubuntu postfix/master[1519]: reload -- version 3.1.0, configuration /etc/postfix
May 10 20:41:13 ubuntu postfix[3591]:    ...done.
May 10 20:41:13 ubuntu systemd[1]: Reloaded LSB: Postfix Mail Transport Agent.
May 10 20:41:13 ubuntu NetworkManager[828]: <info>  [1652186473.9612] device (ens33): Activation: successful, device activated.
May 10 20:41:13 ubuntu nm-dispatcher: req:2 'up' [ens33]: new request (1 scripts)
May 10 20:41:13 ubuntu nm-dispatcher: req:2 'up' [ens33]: start running ordered scripts...
May 10 20:41:13 ubuntu whoopsie[1375]: [20:41:13] The default IPv4 route is: /org/freedesktop/NetworkManager/ActiveConnection/1
May 10 20:41:13 ubuntu whoopsie[1375]: [20:41:13] Not a paid data plan: /org/freedesktop/NetworkManager/ActiveConnection/1
May 10 20:41:13 ubuntu whoopsie[1375]: [20:41:13] Found usable connection: /org/freedesktop/NetworkManager/ActiveConnection/1
May 10 20:41:13 ubuntu whoopsie[1375]: [20:41:13] online
May 10 20:41:14 ubuntu systemd[1]: Reloading OpenBSD Secure Shell server.
May 10 20:41:14 ubuntu systemd[1]: Reloaded OpenBSD Secure Shell server.
May 10 20:41:14 ubuntu systemd[1]: Reloading OpenBSD Secure Shell server.
May 10 20:41:14 ubuntu systemd[1]: Reloaded OpenBSD Secure Shell server.
May 10 20:53:16 ubuntu dhclient[3521]: DHCPREQUEST of 192.168.73.137 on ens33 to 192.168.73.254 port 67 (xid=0x2e96a6b9)
May 10 20:53:16 ubuntu dhclient[3521]: DHCPACK of 192.168.73.137 from 192.168.73.254
May 10 20:53:16 ubuntu NetworkManager[828]: <info>  [1652187196.1751]   address 192.168.73.137
May 10 20:53:16 ubuntu NetworkManager[828]: <info>  [1652187196.1755]   plen 24 (255.255.255.0)
May 10 20:53:16 ubuntu NetworkManager[828]: <info>  [1652187196.1756]   gateway 192.168.73.2
May 10 20:53:16 ubuntu NetworkManager[828]: <info>  [1652187196.1757]   server identifier 192.168.73.254
May 10 20:53:16 ubuntu NetworkManager[828]: <info>  [1652187196.1758]   lease time 1800
May 10 20:53:16 ubuntu NetworkManager[828]: <info>  [1652187196.1760]   nameserver '192.168.73.2'
May 10 20:53:16 ubuntu NetworkManager[828]: <info>  [1652187196.1761]   domain name 'localdomain'
May 10 20:53:16 ubuntu NetworkManager[828]: <info>  [1652187196.1762]   wins '192.168.73.2'
May 10 20:53:16 ubuntu NetworkManager[828]: <info>  [1652187196.1764] dhcp4 (ens33): state changed bound -> bound
May 10 20:53:16 ubuntu dbus[823]: [system] Activating via systemd: service name='org.freedesktop.nm_dispatcher' unit='dbus-org.freedesktop.nm-dispatcher.service'
May 10 20:53:16 ubuntu systemd[1]: Starting Network Manager Script Dispatcher Service...
May 10 20:53:16 ubuntu dhclient[3521]: bound to 192.168.73.137 -- renewal in 753 seconds.
May 10 20:53:16 ubuntu dbus[823]: [system] Successfully activated service 'org.freedesktop.nm_dispatcher'
May 10 20:53:16 ubuntu systemd[1]: Started Network Manager Script Dispatcher Service.
May 10 20:53:16 ubuntu nm-dispatcher: req:1 'dhcp4-change' [ens33]: new request (1 scripts)
May 10 20:53:16 ubuntu nm-dispatcher: req:1 'dhcp4-change' [ens33]: start running ordered scripts...
May 10 21:05:38 ubuntu org.gnome.evolution.dataserver.Sources5[1804]: ** (evolution-source-registry:2232): WARNING **: secret_service_search_sync: must specify at least one attribute to match
May 10 21:05:49 ubuntu dhclient[3521]: DHCPREQUEST of 192.168.73.137 on ens33 to 192.168.73.254 port 67 (xid=0x2e96a6b9)
May 10 21:05:49 ubuntu dhclient[3521]: DHCPACK of 192.168.73.137 from 192.168.73.254
May 10 21:05:49 ubuntu NetworkManager[828]: <info>  [1652187949.8760]   address 192.168.73.137
May 10 21:05:49 ubuntu NetworkManager[828]: <info>  [1652187949.8764]   plen 24 (255.255.255.0)
May 10 21:05:49 ubuntu NetworkManager[828]: <info>  [1652187949.8765]   gateway 192.168.73.2
May 10 21:05:49 ubuntu NetworkManager[828]: <info>  [1652187949.8766]   server identifier 192.168.73.254
May 10 21:05:49 ubuntu NetworkManager[828]: <info>  [1652187949.8767]   lease time 1800
May 10 21:05:49 ubuntu NetworkManager[828]: <info>  [1652187949.8769]   nameserver '192.168.73.2'
May 10 21:05:49 ubuntu NetworkManager[828]: <info>  [1652187949.8770]   domain name 'localdomain'
May 10 21:05:49 ubuntu NetworkManager[828]: <info>  [1652187949.8771]   wins '192.168.73.2'
May 10 21:05:49 ubuntu NetworkManager[828]: <info>  [1652187949.8773] dhcp4 (ens33): state changed bound -> bound
May 10 21:05:49 ubuntu dbus[823]: [system] Activating via systemd: service name='org.freedesktop.nm_dispatcher' unit='dbus-org.freedesktop.nm-dispatcher.service'
May 10 21:05:49 ubuntu systemd[1]: Starting Network Manager Script Dispatcher Service...
May 10 21:05:49 ubuntu dhclient[3521]: bound to 192.168.73.137 -- renewal in 880 seconds.
May 10 21:05:49 ubuntu dbus[823]: [system] Successfully activated service 'org.freedesktop.nm_dispatcher'
May 10 21:05:49 ubuntu systemd[1]: Started Network Manager Script Dispatcher Service.
May 10 21:05:49 ubuntu nm-dispatcher: req:1 'dhcp4-change' [ens33]: new request (1 scripts)
May 10 21:05:49 ubuntu nm-dispatcher: req:1 'dhcp4-change' [ens33]: start running ordered scripts...
May 10 21:17:01 ubuntu CRON[3990]: (root) CMD (   cd / && run-parts --report /etc/cron.hourly)
May 10 21:20:29 ubuntu dhclient[3521]: DHCPREQUEST of 192.168.73.137 on ens33 to 192.168.73.254 port 67 (xid=0x2e96a6b9)
May 10 21:20:29 ubuntu dhclient[3521]: DHCPACK of 192.168.73.137 from 192.168.73.254
May 10 21:20:29 ubuntu NetworkManager[828]: <info>  [1652188829.2642]   address 192.168.73.137
May 10 21:20:29 ubuntu NetworkManager[828]: <info>  [1652188829.2646]   plen 24 (255.255.255.0)
May 10 21:20:29 ubuntu NetworkManager[828]: <info>  [1652188829.2647]   gateway 192.168.73.2
May 10 21:20:29 ubuntu NetworkManager[828]: <info>  [1652188829.2649]   server identifier 192.168.73.254
May 10 21:20:29 ubuntu NetworkManager[828]: <info>  [1652188829.2650]   lease time 1800
May 10 21:20:29 ubuntu NetworkManager[828]: <info>  [1652188829.2652]   nameserver '192.168.73.2'
May 10 21:20:29 ubuntu NetworkManager[828]: <info>  [1652188829.2653]   domain name 'localdomain'
May 10 21:20:29 ubuntu NetworkManager[828]: <info>  [1652188829.2653]   wins '192.168.73.2'
May 10 21:20:29 ubuntu NetworkManager[828]: <info>  [1652188829.2653] dhcp4 (ens33): state changed bound -> bound
May 10 21:20:29 ubuntu dbus[823]: [system] Activating via systemd: service name='org.freedesktop.nm_dispatcher' unit='dbus-org.freedesktop.nm-dispatcher.service'
May 10 21:20:29 ubuntu systemd[1]: Starting Network Manager Script Dispatcher Service...
May 10 21:20:29 ubuntu dhclient[3521]: bound to 192.168.73.137 -- renewal in 831 seconds.
May 10 21:20:29 ubuntu dbus[823]: [system] Successfully activated service 'org.freedesktop.nm_dispatcher'
May 10 21:20:29 ubuntu systemd[1]: Started Network Manager Script Dispatcher Service.
May 10 21:20:29 ubuntu nm-dispatcher: req:1 'dhcp4-change' [ens33]: new request (1 scripts)
May 10 21:20:29 ubuntu nm-dispatcher: req:1 'dhcp4-change' [ens33]: start running ordered scripts...
May 10 21:34:20 ubuntu dhclient[3521]: DHCPREQUEST of 192.168.73.137 on ens33 to 192.168.73.254 port 67 (xid=0x2e96a6b9)
May 10 21:34:20 ubuntu dhclient[3521]: DHCPACK of 192.168.73.137 from 192.168.73.254
May 10 21:34:20 ubuntu NetworkManager[828]: <info>  [1652189660.4928]   address 192.168.73.137
May 10 21:34:20 ubuntu NetworkManager[828]: <info>  [1652189660.4931]   plen 24 (255.255.255.0)
May 10 21:34:20 ubuntu NetworkManager[828]: <info>  [1652189660.4933]   gateway 192.168.73.2
May 10 21:34:20 ubuntu NetworkManager[828]: <info>  [1652189660.4936]   server identifier 192.168.73.254
May 10 21:34:20 ubuntu NetworkManager[828]: <info>  [1652189660.4936]   lease time 1800
May 10 21:34:20 ubuntu NetworkManager[828]: <info>  [1652189660.4936]   nameserver '192.168.73.2'
May 10 21:34:20 ubuntu NetworkManager[828]: <info>  [1652189660.4936]   domain name 'localdomain'
May 10 21:34:20 ubuntu NetworkManager[828]: <info>  [1652189660.4936]   wins '192.168.73.2'
May 10 21:34:20 ubuntu NetworkManager[828]: <info>  [1652189660.4936] dhcp4 (ens33): state changed bound -> bound
May 10 21:34:20 ubuntu dbus[823]: [system] Activating via systemd: service name='org.freedesktop.nm_dispatcher' unit='dbus-org.freedesktop.nm-dispatcher.service'
May 10 21:34:20 ubuntu systemd[1]: Starting Network Manager Script Dispatcher Service...
May 10 21:34:20 ubuntu dbus[823]: [system] Successfully activated service 'org.freedesktop.nm_dispatcher'
May 10 21:34:20 ubuntu systemd[1]: Started Network Manager Script Dispatcher Service.
May 10 21:34:20 ubuntu dhclient[3521]: bound to 192.168.73.137 -- renewal in 762 seconds.
May 10 21:34:20 ubuntu nm-dispatcher: req:1 'dhcp4-change' [ens33]: new request (1 scripts)
May 10 21:34:20 ubuntu nm-dispatcher: req:1 'dhcp4-change' [ens33]: start running ordered scripts...
May 10 21:47:02 ubuntu dhclient[3521]: DHCPREQUEST of 192.168.73.137 on ens33 to 192.168.73.254 port 67 (xid=0x2e96a6b9)
May 10 21:47:02 ubuntu dhclient[3521]: DHCPACK of 192.168.73.137 from 192.168.73.254
May 10 21:47:02 ubuntu NetworkManager[828]: <info>  [1652190422.4381]   address 192.168.73.137
May 10 21:47:02 ubuntu NetworkManager[828]: <info>  [1652190422.4385]   plen 24 (255.255.255.0)
May 10 21:47:02 ubuntu NetworkManager[828]: <info>  [1652190422.4386]   gateway 192.168.73.2
May 10 21:47:02 ubuntu NetworkManager[828]: <info>  [1652190422.4387]   server identifier 192.168.73.254
May 10 21:47:02 ubuntu NetworkManager[828]: <info>  [1652190422.4389]   lease time 1800
May 10 21:47:02 ubuntu NetworkManager[828]: <info>  [1652190422.4391]   nameserver '192.168.73.2'
May 10 21:47:02 ubuntu NetworkManager[828]: <info>  [1652190422.4392]   domain name 'localdomain'
May 10 21:47:02 ubuntu NetworkManager[828]: <info>  [1652190422.4394]   wins '192.168.73.2'
May 10 21:47:02 ubuntu NetworkManager[828]: <info>  [1652190422.4395] dhcp4 (ens33): state changed bound -> bound
May 10 21:47:02 ubuntu dbus[823]: [system] Activating via systemd: service name='org.freedesktop.nm_dispatcher' unit='dbus-org.freedesktop.nm-dispatcher.service'
May 10 21:47:02 ubuntu systemd[1]: Starting Network Manager Script Dispatcher Service...
May 10 21:47:02 ubuntu dhclient[3521]: bound to 192.168.73.137 -- renewal in 694 seconds.
May 10 21:47:02 ubuntu dbus[823]: [system] Successfully activated service 'org.freedesktop.nm_dispatcher'
May 10 21:47:02 ubuntu systemd[1]: Started Network Manager Script Dispatcher Service.
May 10 21:47:02 ubuntu nm-dispatcher: req:1 'dhcp4-change' [ens33]: new request (1 scripts)
May 10 21:47:02 ubuntu nm-dispatcher: req:1 'dhcp4-change' [ens33]: start running ordered scripts...
May 10 21:58:37 ubuntu dhclient[3521]: DHCPREQUEST of 192.168.73.137 on ens33 to 192.168.73.254 port 67 (xid=0x2e96a6b9)
May 10 21:58:37 ubuntu dhclient[3521]: DHCPACK of 192.168.73.137 from 192.168.73.254
May 10 21:58:37 ubuntu NetworkManager[828]: <info>  [1652191117.0481]   address 192.168.73.137
May 10 21:58:37 ubuntu NetworkManager[828]: <info>  [1652191117.0485]   plen 24 (255.255.255.0)
May 10 21:58:37 ubuntu NetworkManager[828]: <info>  [1652191117.0486]   gateway 192.168.73.2
May 10 21:58:37 ubuntu NetworkManager[828]: <info>  [1652191117.0487]   server identifier 192.168.73.254
May 10 21:58:37 ubuntu NetworkManager[828]: <info>  [1652191117.0489]   lease time 1800
May 10 21:58:37 ubuntu NetworkManager[828]: <info>  [1652191117.0490]   nameserver '192.168.73.2'
May 10 21:58:37 ubuntu NetworkManager[828]: <info>  [1652191117.0492]   domain name 'localdomain'
May 10 21:58:37 ubuntu NetworkManager[828]: <info>  [1652191117.0493]   wins '192.168.73.2'
May 10 21:58:37 ubuntu NetworkManager[828]: <info>  [1652191117.0495] dhcp4 (ens33): state changed bound -> bound
May 10 21:58:37 ubuntu dbus[823]: [system] Activating via systemd: service name='org.freedesktop.nm_dispatcher' unit='dbus-org.freedesktop.nm-dispatcher.service'
May 10 21:58:37 ubuntu systemd[1]: Starting Network Manager Script Dispatcher Service...
May 10 21:58:37 ubuntu dhclient[3521]: bound to 192.168.73.137 -- renewal in 785 seconds.
May 10 21:58:37 ubuntu dbus[823]: [system] Successfully activated service 'org.freedesktop.nm_dispatcher'
May 10 21:58:37 ubuntu systemd[1]: Started Network Manager Script Dispatcher Service.
May 10 21:58:37 ubuntu nm-dispatcher: req:1 'dhcp4-change' [ens33]: new request (1 scripts)
May 10 21:58:37 ubuntu nm-dispatcher: req:1 'dhcp4-change' [ens33]: start running ordered scripts...
May 10 22:11:42 ubuntu dhclient[3521]: DHCPREQUEST of 192.168.73.137 on ens33 to 192.168.73.254 port 67 (xid=0x2e96a6b9)
May 10 22:11:42 ubuntu dhclient[3521]: DHCPACK of 192.168.73.137 from 192.168.73.254
May 10 22:11:42 ubuntu NetworkManager[828]: <info>  [1652191902.4943]   address 192.168.73.137
May 10 22:11:42 ubuntu NetworkManager[828]: <info>  [1652191902.4947]   plen 24 (255.255.255.0)
May 10 22:11:42 ubuntu NetworkManager[828]: <info>  [1652191902.4948]   gateway 192.168.73.2
May 10 22:11:42 ubuntu NetworkManager[828]: <info>  [1652191902.4951]   server identifier 192.168.73.254
May 10 22:11:42 ubuntu NetworkManager[828]: <info>  [1652191902.4953]   lease time 1800
May 10 22:11:42 ubuntu NetworkManager[828]: <info>  [1652191902.4954]   nameserver '192.168.73.2'
May 10 22:11:42 ubuntu NetworkManager[828]: <info>  [1652191902.4955]   domain name 'localdomain'
May 10 22:11:42 ubuntu NetworkManager[828]: <info>  [1652191902.4957]   wins '192.168.73.2'
May 10 22:11:42 ubuntu NetworkManager[828]: <info>  [1652191902.4959] dhcp4 (ens33): state changed bound -> bound
May 10 22:11:42 ubuntu dbus[823]: [system] Activating via systemd: service name='org.freedesktop.nm_dispatcher' unit='dbus-org.freedesktop.nm-dispatcher.service'
May 10 22:11:42 ubuntu systemd[1]: Starting Network Manager Script Dispatcher Service...
May 10 22:11:42 ubuntu dhclient[3521]: bound to 192.168.73.137 -- renewal in 755 seconds.
May 10 22:11:42 ubuntu dbus[823]: [system] Successfully activated service 'org.freedesktop.nm_dispatcher'
May 10 22:11:42 ubuntu systemd[1]: Started Network Manager Script Dispatcher Service.
May 10 22:11:42 ubuntu nm-dispatcher: req:1 'dhcp4-change' [ens33]: new request (1 scripts)
May 10 22:11:42 ubuntu nm-dispatcher: req:1 'dhcp4-change' [ens33]: start running ordered scripts...
May 10 22:17:01 ubuntu CRON[4400]: (root) CMD (   cd / && run-parts --report /etc/cron.hourly)
May 10 22:19:35 ubuntu rtkit-daemon[1268]: The canary thread is apparently starving. Taking action.
May 10 22:19:35 ubuntu rtkit-daemon[1268]: Demoting known real-time threads.
May 10 22:19:35 ubuntu rtkit-daemon[1268]: Successfully demoted thread 2242 of process 2222 (n/a).
May 10 22:19:35 ubuntu rtkit-daemon[1268]: Successfully demoted thread 2222 of process 2222 (n/a).
May 10 22:19:35 ubuntu kernel: [ 8057.113617] e1000: ens33 NIC Link is Down
May 10 22:19:35 ubuntu rtkit-daemon[1268]: Demoted 2 threads.
May 10 22:19:35 ubuntu NetworkManager[828]: <info>  [1652192375.9396] device (ens33): link disconnected (deferring action for 4 seconds)
May 10 22:19:40 ubuntu NetworkManager[828]: <info>  [1652192380.6525] device (ens33): link disconnected (calling deferred action)
May 10 22:19:40 ubuntu NetworkManager[828]: <info>  [1652192380.6529] device (ens33): state change: activated -> unavailable (reason 'carrier-changed') [100 20 40]
May 10 22:19:40 ubuntu NetworkManager[828]: <info>  [1652192380.6545] dhcp4 (ens33): canceled DHCP transaction, DHCP client pid 3521
May 10 22:19:40 ubuntu NetworkManager[828]: <info>  [1652192380.6545] dhcp4 (ens33): state changed bound -> done
May 10 22:19:40 ubuntu avahi-daemon[834]: Withdrawing address record for 192.168.73.137 on ens33.
May 10 22:19:40 ubuntu avahi-daemon[834]: Leaving mDNS multicast group on interface ens33.IPv4 with address 192.168.73.137.
May 10 22:19:40 ubuntu avahi-daemon[834]: Interface ens33.IPv4 no longer relevant for mDNS.
May 10 22:19:40 ubuntu avahi-daemon[834]: Withdrawing address record for fe80::e65a:73a1:abe2:47a7 on ens33.
May 10 22:19:40 ubuntu avahi-daemon[834]: Leaving mDNS multicast group on interface ens33.IPv6 with address fe80::e65a:73a1:abe2:47a7.
May 10 22:19:40 ubuntu avahi-daemon[834]: Interface ens33.IPv6 no longer relevant for mDNS.
May 10 22:19:40 ubuntu dnsmasq[1073]: setting upstream servers from DBus
May 10 22:19:40 ubuntu NetworkManager[828]: <info>  [1652192380.6684] dns-mgr: Writing DNS information to /sbin/resolvconf
May 10 22:19:40 ubuntu systemd[1]: Reloading LSB: Postfix Mail Transport Agent.
May 10 22:19:40 ubuntu postfix[4461]:  * Reloading Postfix configuration...
May 10 22:19:40 ubuntu postfix[4465]: Postfix is running with backwards-compatible default settings
May 10 22:19:40 ubuntu postfix[4465]: See http://www.postfix.org/COMPATIBILITY_README.html for details
May 10 22:19:40 ubuntu postfix[4465]: To disable backwards compatibility use "postconf compatibility_level=2" and "postfix reload"
May 10 22:19:40 ubuntu postfix/master[1519]: reload -- version 3.1.0, configuration /etc/postfix
May 10 22:19:40 ubuntu postfix[4461]:    ...done.
May 10 22:19:40 ubuntu systemd[1]: Reloaded LSB: Postfix Mail Transport Agent.
May 10 22:19:40 ubuntu NetworkManager[828]: <info>  [1652192380.7522] manager: NetworkManager state is now CONNECTED_LOCAL
May 10 22:19:40 ubuntu NetworkManager[828]: <info>  [1652192380.7524] manager: NetworkManager state is now DISCONNECTED
May 10 22:19:40 ubuntu dbus[823]: [system] Activating via systemd: service name='org.freedesktop.nm_dispatcher' unit='dbus-org.freedesktop.nm-dispatcher.service'
May 10 22:19:40 ubuntu systemd[1]: Starting Network Manager Script Dispatcher Service...
May 10 22:19:40 ubuntu dbus[823]: [system] Successfully activated service 'org.freedesktop.nm_dispatcher'
May 10 22:19:40 ubuntu nm-dispatcher: req:1 'down' [ens33]: new request (1 scripts)
May 10 22:19:40 ubuntu nm-dispatcher: req:1 'down' [ens33]: start running ordered scripts...
May 10 22:19:40 ubuntu systemd[1]: Started Network Manager Script Dispatcher Service.
May 10 22:19:41 ubuntu gnome-session[2110]: (deja-dup-monitor:3134): GLib-CRITICAL **: Source ID 116 was not found when attempting to remove it
May 10 22:19:41 ubuntu NetworkManager[828]: <info>  [1652192381.9768] device (ens33): link connected
May 10 22:19:41 ubuntu kernel: [ 8063.156109] e1000: ens33 NIC Link is Up 1000 Mbps Full Duplex, Flow Control: None
May 10 22:19:41 ubuntu NetworkManager[828]: <info>  [1652192381.9776] device (ens33): state change: unavailable -> disconnected (reason 'carrier-changed') [20 30 40]
May 10 22:19:41 ubuntu NetworkManager[828]: <info>  [1652192381.9941] policy: auto-activating connection '有线连接 1'
May 10 22:19:41 ubuntu NetworkManager[828]: <info>  [1652192381.9954] device (ens33): Activation: starting connection '有线连接 1' (cec2fee8-4233-3661-8217-cc5c7d4225d6)
May 10 22:19:41 ubuntu NetworkManager[828]: <info>  [1652192381.9973] device (ens33): state change: disconnected -> prepare (reason 'none') [30 40 0]
May 10 22:19:41 ubuntu NetworkManager[828]: <info>  [1652192381.9981] manager: NetworkManager state is now CONNECTING
May 10 22:19:42 ubuntu NetworkManager[828]: <info>  [1652192382.0051] device (ens33): state change: prepare -> config (reason 'none') [40 50 0]
May 10 22:19:42 ubuntu NetworkManager[828]: <info>  [1652192382.0132] device (ens33): state change: config -> ip-config (reason 'none') [50 70 0]
May 10 22:19:42 ubuntu NetworkManager[828]: <info>  [1652192382.0141] dhcp4 (ens33): activation: beginning transaction (timeout in 45 seconds)
May 10 22:19:42 ubuntu NetworkManager[828]: <info>  [1652192382.0155] dhcp4 (ens33): dhclient started with pid 4494
May 10 22:19:42 ubuntu dhclient[4494]: DHCPREQUEST of 192.168.73.137 on ens33 to 255.255.255.255 port 67 (xid=0x2f2e684)
May 10 22:19:42 ubuntu dhclient[4494]: DHCPACK of 192.168.73.137 from 192.168.73.254
May 10 22:19:42 ubuntu NetworkManager[828]: <info>  [1652192382.0582]   address 192.168.73.137
May 10 22:19:42 ubuntu NetworkManager[828]: <info>  [1652192382.0585]   plen 24 (255.255.255.0)
May 10 22:19:42 ubuntu NetworkManager[828]: <info>  [1652192382.0586]   gateway 192.168.73.2
May 10 22:19:42 ubuntu NetworkManager[828]: <info>  [1652192382.0587]   server identifier 192.168.73.254
May 10 22:19:42 ubuntu NetworkManager[828]: <info>  [1652192382.0588]   lease time 1800
May 10 22:19:42 ubuntu NetworkManager[828]: <info>  [1652192382.0589]   nameserver '192.168.73.2'
May 10 22:19:42 ubuntu NetworkManager[828]: <info>  [1652192382.0590]   domain name 'localdomain'
May 10 22:19:42 ubuntu NetworkManager[828]: <info>  [1652192382.0592]   wins '192.168.73.2'
May 10 22:19:42 ubuntu NetworkManager[828]: <info>  [1652192382.0593] dhcp4 (ens33): state changed unknown -> bound
May 10 22:19:42 ubuntu avahi-daemon[834]: Joining mDNS multicast group on interface ens33.IPv4 with address 192.168.73.137.
May 10 22:19:42 ubuntu avahi-daemon[834]: New relevant interface ens33.IPv4 for mDNS.
May 10 22:19:42 ubuntu avahi-daemon[834]: Registering new address record for 192.168.73.137 on ens33.IPv4.
May 10 22:19:42 ubuntu NetworkManager[828]: <info>  [1652192382.0639] device (ens33): state change: ip-config -> ip-check (reason 'none') [70 80 0]
May 10 22:19:42 ubuntu NetworkManager[828]: <info>  [1652192382.0723] device (ens33): state change: ip-check -> secondaries (reason 'none') [80 90 0]
May 10 22:19:42 ubuntu NetworkManager[828]: <info>  [1652192382.0764] device (ens33): state change: secondaries -> activated (reason 'none') [90 100 0]
May 10 22:19:42 ubuntu NetworkManager[828]: <info>  [1652192382.0769] manager: NetworkManager state is now CONNECTED_LOCAL
May 10 22:19:42 ubuntu NetworkManager[828]: <info>  [1652192382.0811] manager: NetworkManager state is now CONNECTED_GLOBAL
May 10 22:19:42 ubuntu NetworkManager[828]: <info>  [1652192382.0853] policy: set '有线连接 1' (ens33) as default for IPv4 routing and DNS
May 10 22:19:42 ubuntu dnsmasq[1073]: setting upstream servers from DBus
May 10 22:19:42 ubuntu dnsmasq[1073]: using nameserver 192.168.73.2#53(via ens33)
May 10 22:19:42 ubuntu NetworkManager[828]: <info>  [1652192382.0892] dns-mgr: Writing DNS information to /sbin/resolvconf
May 10 22:19:42 ubuntu dhclient[4494]: bound to 192.168.73.137 -- renewal in 740 seconds.
May 10 22:19:43 ubuntu avahi-daemon[834]: Joining mDNS multicast group on interface ens33.IPv6 with address fe80::e65a:73a1:abe2:47a7.
May 10 22:19:43 ubuntu avahi-daemon[834]: New relevant interface ens33.IPv6 for mDNS.
May 10 22:19:43 ubuntu avahi-daemon[834]: Registering new address record for fe80::e65a:73a1:abe2:47a7 on ens33.*.
May 10 22:19:52 ubuntu systemd[1]: Reloading LSB: Postfix Mail Transport Agent.
May 10 22:19:52 ubuntu postfix[4564]:  * Reloading Postfix configuration...
May 10 22:19:52 ubuntu postfix[4568]: Postfix is running with backwards-compatible default settings
May 10 22:19:52 ubuntu postfix[4568]: See http://www.postfix.org/COMPATIBILITY_README.html for details
May 10 22:19:52 ubuntu postfix[4568]: To disable backwards compatibility use "postconf compatibility_level=2" and "postfix reload"
May 10 22:19:52 ubuntu postfix/master[1519]: reload -- version 3.1.0, configuration /etc/postfix
May 10 22:19:52 ubuntu postfix[4564]:    ...done.
May 10 22:19:52 ubuntu systemd[1]: Reloaded LSB: Postfix Mail Transport Agent.
May 10 22:19:52 ubuntu NetworkManager[828]: <info>  [1652192392.1873] device (ens33): Activation: successful, device activated.
May 10 22:20:00 ubuntu whoopsie[1375]: [22:20:00] Cannot reach: https://daisy.ubuntu.com
May 10 22:20:00 ubuntu whoopsie[1375]: [22:20:00] offline
May 10 22:20:00 ubuntu whoopsie[1375]: [22:20:00] The default IPv4 route is: /org/freedesktop/NetworkManager/ActiveConnection/2
May 10 22:20:00 ubuntu whoopsie[1375]: [22:20:00] Not a paid data plan: /org/freedesktop/NetworkManager/ActiveConnection/2
May 10 22:20:00 ubuntu whoopsie[1375]: [22:20:00] Found usable connection: /org/freedesktop/NetworkManager/ActiveConnection/2
May 10 22:20:20 ubuntu whoopsie[1375]: [22:20:20] Cannot reach: https://daisy.ubuntu.com
May 10 22:20:27 ubuntu whoopsie[1375]: [22:20:27] online
May 10 22:32:02 ubuntu dhclient[4494]: DHCPREQUEST of 192.168.73.137 on ens33 to 192.168.73.254 port 67 (xid=0x2f2e684)
May 10 22:32:02 ubuntu dhclient[4494]: DHCPACK of 192.168.73.137 from 192.168.73.254
May 10 22:32:02 ubuntu NetworkManager[828]: <info>  [1652193122.1838]   address 192.168.73.137
May 10 22:32:02 ubuntu NetworkManager[828]: <info>  [1652193122.1843]   plen 24 (255.255.255.0)
May 10 22:32:02 ubuntu NetworkManager[828]: <info>  [1652193122.1844]   gateway 192.168.73.2
May 10 22:32:02 ubuntu NetworkManager[828]: <info>  [1652193122.1846]   server identifier 192.168.73.254
May 10 22:32:02 ubuntu NetworkManager[828]: <info>  [1652193122.1848]   lease time 1800
May 10 22:32:02 ubuntu NetworkManager[828]: <info>  [1652193122.1849]   nameserver '192.168.73.2'
May 10 22:32:02 ubuntu NetworkManager[828]: <info>  [1652193122.1850]   domain name 'localdomain'
May 10 22:32:02 ubuntu NetworkManager[828]: <info>  [1652193122.1852]   wins '192.168.73.2'
May 10 22:32:02 ubuntu NetworkManager[828]: <info>  [1652193122.1853] dhcp4 (ens33): state changed bound -> bound
May 10 22:32:02 ubuntu dbus[823]: [system] Activating via systemd: service name='org.freedesktop.nm_dispatcher' unit='dbus-org.freedesktop.nm-dispatcher.service'
May 10 22:32:02 ubuntu systemd[1]: Starting Network Manager Script Dispatcher Service...
May 10 22:32:02 ubuntu dhclient[4494]: bound to 192.168.73.137 -- renewal in 760 seconds.
May 10 22:32:02 ubuntu dbus[823]: [system] Successfully activated service 'org.freedesktop.nm_dispatcher'
May 10 22:32:02 ubuntu systemd[1]: Started Network Manager Script Dispatcher Service.
May 10 22:32:02 ubuntu nm-dispatcher: req:1 'dhcp4-change' [ens33]: new request (1 scripts)
May 10 22:32:02 ubuntu nm-dispatcher: req:1 'dhcp4-change' [ens33]: start running ordered scripts...
May 10 22:40:35 ubuntu systemd[1]: Time has been changed
May 10 22:40:35 ubuntu systemd[1607]: Time has been changed
May 10 22:47:07 ubuntu dhclient[4494]: DHCPREQUEST of 192.168.73.137 on ens33 to 192.168.73.254 port 67 (xid=0x2f2e684)
May 10 22:47:07 ubuntu dhclient[4494]: DHCPACK of 192.168.73.137 from 192.168.73.254
May 10 22:47:07 ubuntu NetworkManager[828]: <info>  [1652194027.1039]   address 192.168.73.137
May 10 22:47:07 ubuntu NetworkManager[828]: <info>  [1652194027.1043]   plen 24 (255.255.255.0)
May 10 22:47:07 ubuntu NetworkManager[828]: <info>  [1652194027.1044]   gateway 192.168.73.2
May 10 22:47:07 ubuntu NetworkManager[828]: <info>  [1652194027.1046]   server identifier 192.168.73.254
May 10 22:47:07 ubuntu NetworkManager[828]: <info>  [1652194027.1047]   lease time 1800
May 10 22:47:07 ubuntu NetworkManager[828]: <info>  [1652194027.1048]   nameserver '192.168.73.2'
May 10 22:47:07 ubuntu NetworkManager[828]: <info>  [1652194027.1050]   domain name 'localdomain'
May 10 22:47:07 ubuntu NetworkManager[828]: <info>  [1652194027.1051]   wins '192.168.73.2'
May 10 22:47:07 ubuntu NetworkManager[828]: <info>  [1652194027.1053] dhcp4 (ens33): state changed bound -> bound
May 10 22:47:07 ubuntu dbus[823]: [system] Activating via systemd: service name='org.freedesktop.nm_dispatcher' unit='dbus-org.freedesktop.nm-dispatcher.service'
May 10 22:47:07 ubuntu systemd[1]: Starting Network Manager Script Dispatcher Service...
May 10 22:47:07 ubuntu dhclient[4494]: bound to 192.168.73.137 -- renewal in 901 seconds.
May 10 22:47:07 ubuntu dbus[823]: [system] Successfully activated service 'org.freedesktop.nm_dispatcher'
May 10 22:47:07 ubuntu systemd[1]: Started Network Manager Script Dispatcher Service.
May 10 22:47:07 ubuntu nm-dispatcher: req:1 'dhcp4-change' [ens33]: new request (1 scripts)
May 10 22:47:07 ubuntu nm-dispatcher: req:1 'dhcp4-change' [ens33]: start running ordered scripts...
May 10 22:57:07 ubuntu kernel: [10163.706803] ptrace attach of "./siglongjmp"[4762] was attempted by "strace -p 4762"[4768]
May 10 23:02:08 ubuntu dhclient[4494]: DHCPREQUEST of 192.168.73.137 on ens33 to 192.168.73.254 port 67 (xid=0x2f2e684)
May 10 23:02:08 ubuntu dhclient[4494]: DHCPACK of 192.168.73.137 from 192.168.73.254
May 10 23:02:08 ubuntu NetworkManager[828]: <info>  [1652194928.0942]   address 192.168.73.137
May 10 23:02:08 ubuntu NetworkManager[828]: <info>  [1652194928.0946]   plen 24 (255.255.255.0)
May 10 23:02:08 ubuntu NetworkManager[828]: <info>  [1652194928.0947]   gateway 192.168.73.2
May 10 23:02:08 ubuntu NetworkManager[828]: <info>  [1652194928.0949]   server identifier 192.168.73.254
May 10 23:02:08 ubuntu NetworkManager[828]: <info>  [1652194928.0950]   lease time 1800
May 10 23:02:08 ubuntu NetworkManager[828]: <info>  [1652194928.0950]   nameserver '192.168.73.2'
May 10 23:02:08 ubuntu NetworkManager[828]: <info>  [1652194928.0950]   domain name 'localdomain'
May 10 23:02:08 ubuntu NetworkManager[828]: <info>  [1652194928.0950]   wins '192.168.73.2'
May 10 23:02:08 ubuntu NetworkManager[828]: <info>  [1652194928.0955] dhcp4 (ens33): state changed bound -> bound
May 10 23:02:08 ubuntu dbus[823]: [system] Activating via systemd: service name='org.freedesktop.nm_dispatcher' unit='dbus-org.freedesktop.nm-dispatcher.service'
May 10 23:02:08 ubuntu systemd[1]: Starting Network Manager Script Dispatcher Service...
May 10 23:02:08 ubuntu dbus[823]: [system] Successfully activated service 'org.freedesktop.nm_dispatcher'
May 10 23:02:08 ubuntu systemd[1]: Started Network Manager Script Dispatcher Service.
May 10 23:02:08 ubuntu nm-dispatcher: req:1 'dhcp4-change' [ens33]: new request (1 scripts)
May 10 23:02:08 ubuntu nm-dispatcher: req:1 'dhcp4-change' [ens33]: start running ordered scripts...
May 10 23:02:08 ubuntu dhclient[4494]: bound to 192.168.73.137 -- renewal in 812 seconds.
May 10 23:15:40 ubuntu dhclient[4494]: DHCPREQUEST of 192.168.73.137 on ens33 to 192.168.73.254 port 67 (xid=0x2f2e684)
May 10 23:15:40 ubuntu dhclient[4494]: DHCPACK of 192.168.73.137 from 192.168.73.254
May 10 23:15:40 ubuntu NetworkManager[828]: <info>  [1652195740.2468]   address 192.168.73.137
May 10 23:15:40 ubuntu NetworkManager[828]: <info>  [1652195740.2471]   plen 24 (255.255.255.0)
May 10 23:15:40 ubuntu NetworkManager[828]: <info>  [1652195740.2473]   gateway 192.168.73.2
May 10 23:15:40 ubuntu NetworkManager[828]: <info>  [1652195740.2474]   server identifier 192.168.73.254
May 10 23:15:40 ubuntu NetworkManager[828]: <info>  [1652195740.2475]   lease time 1800
May 10 23:15:40 ubuntu NetworkManager[828]: <info>  [1652195740.2477]   nameserver '192.168.73.2'
May 10 23:15:40 ubuntu NetworkManager[828]: <info>  [1652195740.2478]   domain name 'localdomain'
May 10 23:15:40 ubuntu NetworkManager[828]: <info>  [1652195740.2479]   wins '192.168.73.2'
May 10 23:15:40 ubuntu NetworkManager[828]: <info>  [1652195740.2481] dhcp4 (ens33): state changed bound -> bound
May 10 23:15:40 ubuntu dbus[823]: [system] Activating via systemd: service name='org.freedesktop.nm_dispatcher' unit='dbus-org.freedesktop.nm-dispatcher.service'
May 10 23:15:40 ubuntu systemd[1]: Starting Network Manager Script Dispatcher Service...
May 10 23:15:40 ubuntu dbus[823]: [system] Successfully activated service 'org.freedesktop.nm_dispatcher'
May 10 23:15:40 ubuntu systemd[1]: Started Network Manager Script Dispatcher Service.
May 10 23:15:40 ubuntu dhclient[4494]: bound to 192.168.73.137 -- renewal in 780 seconds.
May 10 23:15:40 ubuntu nm-dispatcher: req:1 'dhcp4-change' [ens33]: new request (1 scripts)
May 10 23:15:40 ubuntu nm-dispatcher: req:1 'dhcp4-change' [ens33]: start running ordered scripts...
May 10 23:17:01 ubuntu CRON[4882]: (root) CMD (   cd / && run-parts --report /etc/cron.hourly)
May 10 23:28:40 ubuntu dhclient[4494]: DHCPREQUEST of 192.168.73.137 on ens33 to 192.168.73.254 port 67 (xid=0x2f2e684)
May 10 23:28:40 ubuntu dhclient[4494]: DHCPACK of 192.168.73.137 from 192.168.73.254
May 10 23:28:40 ubuntu NetworkManager[828]: <info>  [1652196520.3728]   address 192.168.73.137
May 10 23:28:40 ubuntu NetworkManager[828]: <info>  [1652196520.3732]   plen 24 (255.255.255.0)
May 10 23:28:40 ubuntu NetworkManager[828]: <info>  [1652196520.3734]   gateway 192.168.73.2
May 10 23:28:40 ubuntu NetworkManager[828]: <info>  [1652196520.3737]   server identifier 192.168.73.254
May 10 23:28:40 ubuntu NetworkManager[828]: <info>  [1652196520.3737]   lease time 1800
May 10 23:28:40 ubuntu NetworkManager[828]: <info>  [1652196520.3741]   nameserver '192.168.73.2'
May 10 23:28:40 ubuntu NetworkManager[828]: <info>  [1652196520.3742]   domain name 'localdomain'
May 10 23:28:40 ubuntu NetworkManager[828]: <info>  [1652196520.3744]   wins '192.168.73.2'
May 10 23:28:40 ubuntu NetworkManager[828]: <info>  [1652196520.3745] dhcp4 (ens33): state changed bound -> bound
May 10 23:28:40 ubuntu dbus[823]: [system] Activating via systemd: service name='org.freedesktop.nm_dispatcher' unit='dbus-org.freedesktop.nm-dispatcher.service'
May 10 23:28:40 ubuntu systemd[1]: Starting Network Manager Script Dispatcher Service...
May 10 23:28:40 ubuntu dhclient[4494]: bound to 192.168.73.137 -- renewal in 713 seconds.
May 10 23:28:40 ubuntu dbus[823]: [system] Successfully activated service 'org.freedesktop.nm_dispatcher'
May 10 23:28:40 ubuntu systemd[1]: Started Network Manager Script Dispatcher Service.
May 10 23:28:40 ubuntu nm-dispatcher: req:1 'dhcp4-change' [ens33]: new request (1 scripts)
May 10 23:28:40 ubuntu nm-dispatcher: req:1 'dhcp4-change' [ens33]: start running ordered scripts...
May 12 22:11:33 ubuntu rsyslogd: [origin software="rsyslogd" swVersion="8.16.0" x-pid="856" x-info="http://www.rsyslog.com"] start
May 12 22:11:33 ubuntu rsyslogd-2222: command 'KLogPermitNonKernelFacility' is currently not permitted - did you already set it via a RainerScript command (v6+ config)? [v8.16.0 try http://www.rsyslog.com/e/2222 ]
May 12 22:11:33 ubuntu rsyslogd: rsyslogd's groupid changed to 108
May 12 22:11:33 ubuntu rsyslogd: rsyslogd's userid changed to 104
May 12 22:11:33 ubuntu rsyslogd-2039: Could not open output pipe '/dev/xconsole':: No such file or directory [v8.16.0 try http://www.rsyslog.com/e/2039 ]
May 12 22:11:33 ubuntu rsyslogd-2007: action 'action 10' suspended, next retry is Thu May 12 22:12:03 2022 [v8.16.0 try http://www.rsyslog.com/e/2007 ]
May 12 22:11:33 ubuntu kernel: [    0.000000] Linux version 4.15.0-142-generic (buildd@lgw01-amd64-039) (gcc version 5.4.0 20160609 (Ubuntu 5.4.0-6ubuntu1~16.04.12)) #146~16.04.1-Ubuntu SMP Tue Apr 13 09:27:15 UTC 2021 (Ubuntu 4.15.0-142.146~16.04.1-generic 4.15.18)
May 12 22:11:33 ubuntu kernel: [    0.000000] Command line: BOOT_IMAGE=/boot/vmlinuz-4.15.0-142-generic root=UUID=28aabd57-1c85-4cc0-853e-b18310f81cc9 ro find_preseed=/preseed.cfg auto noprompt priority=critical locale=en_US quiet
May 12 22:11:33 ubuntu kernel: [    0.000000] KERNEL supported cpus:
May 12 22:11:33 ubuntu kernel: [    0.000000]   Intel GenuineIntel
May 12 22:11:33 ubuntu kernel: [    0.000000]   AMD AuthenticAMD
May 12 22:11:33 ubuntu kernel: [    0.000000]   Centaur CentaurHauls
May 12 22:11:33 ubuntu kernel: [    0.000000] x86/fpu: Supporting XSAVE feature 0x001: 'x87 floating point registers'
May 12 22:11:33 ubuntu kernel: [    0.000000] x86/fpu: Supporting XSAVE feature 0x002: 'SSE registers'
May 12 22:11:33 ubuntu kernel: [    0.000000] x86/fpu: Supporting XSAVE feature 0x004: 'AVX registers'
May 12 22:11:33 ubuntu kernel: [    0.000000] x86/fpu: xstate_offset[2]:  576, xstate_sizes[2]:  256
May 12 22:11:33 ubuntu kernel: [    0.000000] x86/fpu: Enabled xstate features 0x7, context size is 832 bytes, using 'standard' format.
May 12 22:11:33 ubuntu kernel: [    0.000000] e820: BIOS-provided physical RAM map:
May 12 22:11:33 ubuntu kernel: [    0.000000] BIOS-e820: [mem 0x0000000000000000-0x000000000009e7ff] usable
May 12 22:11:33 ubuntu kernel: [    0.000000] BIOS-e820: [mem 0x000000000009e800-0x000000000009ffff] reserved
May 12 22:11:33 ubuntu kernel: [    0.000000] BIOS-e820: [mem 0x00000000000dc000-0x00000000000fffff] reserved
May 12 22:11:33 ubuntu kernel: [    0.000000] BIOS-e820: [mem 0x0000000000100000-0x000000007fedffff] usable
May 12 22:11:33 ubuntu kernel: [    0.000000] BIOS-e820: [mem 0x000000007fee0000-0x000000007fefefff] ACPI data
May 12 22:11:33 ubuntu kernel: [    0.000000] BIOS-e820: [mem 0x000000007feff000-0x000000007fefffff] ACPI NVS
May 12 22:11:33 ubuntu kernel: [    0.000000] BIOS-e820: [mem 0x000000007ff00000-0x000000007fffffff] usable
May 12 22:11:33 ubuntu kernel: [    0.000000] BIOS-e820: [mem 0x00000000f0000000-0x00000000f7ffffff] reserved
May 12 22:11:33 ubuntu kernel: [    0.000000] BIOS-e820: [mem 0x00000000fec00000-0x00000000fec0ffff] reserved
May 12 22:11:33 ubuntu kernel: [    0.000000] BIOS-e820: [mem 0x00000000fee00000-0x00000000fee00fff] reserved
May 12 22:11:33 ubuntu kernel: [    0.000000] BIOS-e820: [mem 0x00000000fffe0000-0x00000000ffffffff] reserved
May 12 22:11:33 ubuntu kernel: [    0.000000] NX (Execute Disable) protection: active
May 12 22:11:33 ubuntu kernel: [    0.000000] SMBIOS 2.7 present.
May 12 22:11:33 ubuntu kernel: [    0.000000] DMI: VMware, Inc. VMware Virtual Platform/440BX Desktop Reference Platform, BIOS 6.00 07/29/2019
May 12 22:11:33 ubuntu kernel: [    0.000000] Hypervisor detected: VMware
May 12 22:11:33 ubuntu kernel: [    0.000000] vmware: TSC freq read from hypervisor : 2096.066 MHz
May 12 22:11:33 ubuntu kernel: [    0.000000] vmware: Host bus clock speed read from hypervisor : 66000000 Hz
May 12 22:11:33 ubuntu kernel: [    0.000000] vmware: using sched offset of 3088626461 ns
May 12 22:11:33 ubuntu kernel: [    0.000000] e820: update [mem 0x00000000-0x00000fff] usable ==> reserved
May 12 22:11:33 ubuntu kernel: [    0.000000] e820: remove [mem 0x000a0000-0x000fffff] usable
May 12 22:11:33 ubuntu kernel: [    0.000000] e820: last_pfn = 0x80000 max_arch_pfn = 0x400000000
May 12 22:11:33 ubuntu kernel: [    0.000000] MTRR default type: uncachable
May 12 22:11:33 ubuntu kernel: [    0.000000] MTRR fixed ranges enabled:
May 12 22:11:33 ubuntu kernel: [    0.000000]   00000-9FFFF write-back
May 12 22:11:33 ubuntu kernel: [    0.000000]   A0000-BFFFF uncachable
May 12 22:11:33 ubuntu kernel: [    0.000000]   C0000-CFFFF write-protect
May 12 22:11:33 ubuntu kernel: [    0.000000]   D0000-EFFFF uncachable
May 12 22:11:33 ubuntu kernel: [    0.000000]   F0000-FFFFF write-protect
May 12 22:11:33 ubuntu kernel: [    0.000000] MTRR variable ranges enabled:
May 12 22:11:33 ubuntu kernel: [    0.000000]   0 base 00000000000 mask 3FF00000000 write-back
May 12 22:11:33 ubuntu kernel: [    0.000000]   1 base 000C0000000 mask 3FFC0000000 uncachable
May 12 22:11:33 ubuntu kernel: [    0.000000]   2 disabled
May 12 22:11:33 ubuntu kernel: [    0.000000]   3 disabled
May 12 22:11:33 ubuntu kernel: [    0.000000]   4 disabled
May 12 22:11:33 ubuntu kernel: [    0.000000]   5 disabled
May 12 22:11:33 ubuntu kernel: [    0.000000]   6 disabled
May 12 22:11:33 ubuntu kernel: [    0.000000]   7 disabled
May 12 22:11:33 ubuntu kernel: [    0.000000] x86/PAT: Configuration [0-7]: WB  WC  UC- UC  WB  WP  UC- WT  
May 12 22:11:33 ubuntu kernel: [    0.000000] total RAM covered: 3072M
May 12 22:11:33 ubuntu kernel: [    0.000000] Found optimal setting for mtrr clean up
May 12 22:11:33 ubuntu kernel: [    0.000000]  gran_size: 64K 	chunk_size: 64K 	num_reg: 2  	lose cover RAM: 0G
May 12 22:11:33 ubuntu kernel: [    0.000000] found SMP MP-table at [mem 0x000f6a70-0x000f6a7f]
May 12 22:11:33 ubuntu kernel: [    0.000000] Scanning 1 areas for low memory corruption
May 12 22:11:33 ubuntu kernel: [    0.000000] Using GB pages for direct mapping
May 12 22:11:33 ubuntu kernel: [    0.000000] RAMDISK: [mem 0x31428000-0x34a0bfff]
May 12 22:11:33 ubuntu kernel: [    0.000000] ACPI: Early table checksum verification disabled
May 12 22:11:33 ubuntu kernel: [    0.000000] ACPI: RSDP 0x00000000000F6A00 000024 (v02 PTLTD )
May 12 22:11:33 ubuntu kernel: [    0.000000] ACPI: XSDT 0x000000007FEE965B 00005C (v01 INTEL  440BX    06040000 VMW  01324272)
May 12 22:11:33 ubuntu kernel: [    0.000000] ACPI: FACP 0x000000007FEFEE73 0000F4 (v04 INTEL  440BX    06040000 PTL  000F4240)
May 12 22:11:33 ubuntu kernel: [    0.000000] ACPI: DSDT 0x000000007FEEAD55 01411E (v01 PTLTD  Custom   06040000 MSFT 03000001)
May 12 22:11:33 ubuntu kernel: [    0.000000] ACPI: FACS 0x000000007FEFFFC0 000040
May 12 22:11:33 ubuntu kernel: [    0.000000] ACPI: FACS 0x000000007FEFFFC0 000040
May 12 22:11:33 ubuntu kernel: [    0.000000] ACPI: BOOT 0x000000007FEEAD2D 000028 (v01 PTLTD  $SBFTBL$ 06040000  LTP 00000001)
May 12 22:11:33 ubuntu kernel: [    0.000000] ACPI: APIC 0x000000007FEEA5EB 000742 (v01 PTLTD  ? APIC   06040000  LTP 00000000)
May 12 22:11:33 ubuntu kernel: [    0.000000] ACPI: MCFG 0x000000007FEEA5AF 00003C (v01 PTLTD  $PCITBL$ 06040000  LTP 00000001)
May 12 22:11:33 ubuntu kernel: [    0.000000] ACPI: SRAT 0x000000007FEE9757 0008A8 (v02 VMWARE MEMPLUG  06040000 VMW  00000001)
May 12 22:11:33 ubuntu kernel: [    0.000000] ACPI: HPET 0x000000007FEE971F 000038 (v01 VMWARE VMW HPET 06040000 VMW  00000001)
May 12 22:11:33 ubuntu kernel: [    0.000000] ACPI: WAET 0x000000007FEE96F7 000028 (v01 VMWARE VMW WAET 06040000 VMW  00000001)
May 12 22:11:33 ubuntu kernel: [    0.000000] ACPI: Local APIC address 0xfee00000
May 12 22:11:33 ubuntu kernel: [    0.000000] system APIC only can use physical flat
May 12 22:11:33 ubuntu kernel: [    0.000000] Setting APIC routing to physical flat.
May 12 22:11:33 ubuntu kernel: [    0.000000] SRAT: PXM 0 -> APIC 0x00 -> Node 0
May 12 22:11:33 ubuntu kernel: [    0.000000] SRAT: PXM 0 -> APIC 0x02 -> Node 0
May 12 22:11:33 ubuntu kernel: [    0.000000] SRAT: PXM 0 -> APIC 0x04 -> Node 0
May 12 22:11:33 ubuntu kernel: [    0.000000] SRAT: PXM 0 -> APIC 0x06 -> Node 0
May 12 22:11:33 ubuntu kernel: [    0.000000] SRAT: PXM 0 -> APIC 0x08 -> Node 0
May 12 22:11:33 ubuntu kernel: [    0.000000] SRAT: PXM 0 -> APIC 0x0a -> Node 0
May 12 22:11:33 ubuntu kernel: [    0.000000] SRAT: PXM 0 -> APIC 0x0c -> Node 0
May 12 22:11:33 ubuntu kernel: [    0.000000] SRAT: PXM 0 -> APIC 0x0e -> Node 0
May 12 22:11:33 ubuntu kernel: [    0.000000] SRAT: PXM 0 -> APIC 0x10 -> Node 0
May 12 22:11:33 ubuntu kernel: [    0.000000] SRAT: PXM 0 -> APIC 0x12 -> Node 0
May 12 22:11:33 ubuntu kernel: [    0.000000] SRAT: PXM 0 -> APIC 0x14 -> Node 0
May 12 22:11:33 ubuntu kernel: [    0.000000] SRAT: PXM 0 -> APIC 0x16 -> Node 0
May 12 22:11:33 ubuntu kernel: [    0.000000] SRAT: PXM 0 -> APIC 0x18 -> Node 0
May 12 22:11:33 ubuntu kernel: [    0.000000] SRAT: PXM 0 -> APIC 0x1a -> Node 0
May 12 22:11:33 ubuntu kernel: [    0.000000] SRAT: PXM 0 -> APIC 0x1c -> Node 0
May 12 22:11:33 ubuntu kernel: [    0.000000] SRAT: PXM 0 -> APIC 0x1e -> Node 0
May 12 22:11:33 ubuntu kernel: [    0.000000] SRAT: PXM 0 -> APIC 0x20 -> Node 0
May 12 22:11:33 ubuntu kernel: [    0.000000] SRAT: PXM 0 -> APIC 0x22 -> Node 0
May 12 22:11:33 ubuntu kernel: [    0.000000] SRAT: PXM 0 -> APIC 0x24 -> Node 0
May 12 22:11:33 ubuntu kernel: [    0.000000] SRAT: PXM 0 -> APIC 0x26 -> Node 0
May 12 22:11:33 ubuntu kernel: [    0.000000] SRAT: PXM 0 -> APIC 0x28 -> Node 0
May 12 22:11:33 ubuntu kernel: [    0.000000] SRAT: PXM 0 -> APIC 0x2a -> Node 0
May 12 22:11:33 ubuntu kernel: [    0.000000] SRAT: PXM 0 -> APIC 0x2c -> Node 0
May 12 22:11:33 ubuntu kernel: [    0.000000] SRAT: PXM 0 -> APIC 0x2e -> Node 0
May 12 22:11:33 ubuntu kernel: [    0.000000] SRAT: PXM 0 -> APIC 0x30 -> Node 0
May 12 22:11:33 ubuntu kernel: [    0.000000] SRAT: PXM 0 -> APIC 0x32 -> Node 0
May 12 22:11:33 ubuntu kernel: [    0.000000] SRAT: PXM 0 -> APIC 0x34 -> Node 0
May 12 22:11:33 ubuntu kernel: [    0.000000] SRAT: PXM 0 -> APIC 0x36 -> Node 0
May 12 22:11:33 ubuntu kernel: [    0.000000] SRAT: PXM 0 -> APIC 0x38 -> Node 0
May 12 22:11:33 ubuntu kernel: [    0.000000] SRAT: PXM 0 -> APIC 0x3a -> Node 0
May 12 22:11:33 ubuntu kernel: [    0.000000] SRAT: PXM 0 -> APIC 0x3c -> Node 0
May 12 22:11:33 ubuntu kernel: [    0.000000] SRAT: PXM 0 -> APIC 0x3e -> Node 0
May 12 22:11:33 ubuntu kernel: [    0.000000] SRAT: PXM 0 -> APIC 0x40 -> Node 0
May 12 22:11:33 ubuntu kernel: [    0.000000] SRAT: PXM 0 -> APIC 0x42 -> Node 0
May 12 22:11:33 ubuntu kernel: [    0.000000] SRAT: PXM 0 -> APIC 0x44 -> Node 0
May 12 22:11:33 ubuntu kernel: [    0.000000] SRAT: PXM 0 -> APIC 0x46 -> Node 0
May 12 22:11:33 ubuntu kernel: [    0.000000] SRAT: PXM 0 -> APIC 0x48 -> Node 0
May 12 22:11:33 ubuntu kernel: [    0.000000] SRAT: PXM 0 -> APIC 0x4a -> Node 0
May 12 22:11:33 ubuntu kernel: [    0.000000] SRAT: PXM 0 -> APIC 0x4c -> Node 0
May 12 22:11:33 ubuntu kernel: [    0.000000] SRAT: PXM 0 -> APIC 0x4e -> Node 0
May 12 22:11:33 ubuntu kernel: [    0.000000] SRAT: PXM 0 -> APIC 0x50 -> Node 0
May 12 22:11:33 ubuntu kernel: [    0.000000] SRAT: PXM 0 -> APIC 0x52 -> Node 0
May 12 22:11:33 ubuntu kernel: [    0.000000] SRAT: PXM 0 -> APIC 0x54 -> Node 0
May 12 22:11:33 ubuntu kernel: [    0.000000] SRAT: PXM 0 -> APIC 0x56 -> Node 0
May 12 22:11:33 ubuntu kernel: [    0.000000] SRAT: PXM 0 -> APIC 0x58 -> Node 0
May 12 22:11:33 ubuntu kernel: [    0.000000] SRAT: PXM 0 -> APIC 0x5a -> Node 0
May 12 22:11:33 ubuntu kernel: [    0.000000] SRAT: PXM 0 -> APIC 0x5c -> Node 0
May 12 22:11:33 ubuntu kernel: [    0.000000] SRAT: PXM 0 -> APIC 0x5e -> Node 0
May 12 22:11:33 ubuntu kernel: [    0.000000] SRAT: PXM 0 -> APIC 0x60 -> Node 0
May 12 22:11:33 ubuntu kernel: [    0.000000] SRAT: PXM 0 -> APIC 0x62 -> Node 0
May 12 22:11:33 ubuntu kernel: [    0.000000] SRAT: PXM 0 -> APIC 0x64 -> Node 0
May 12 22:11:33 ubuntu kernel: [    0.000000] SRAT: PXM 0 -> APIC 0x66 -> Node 0
May 12 22:11:33 ubuntu kernel: [    0.000000] SRAT: PXM 0 -> APIC 0x68 -> Node 0
May 12 22:11:33 ubuntu kernel: [    0.000000] SRAT: PXM 0 -> APIC 0x6a -> Node 0
May 12 22:11:33 ubuntu kernel: [    0.000000] SRAT: PXM 0 -> APIC 0x6c -> Node 0
May 12 22:11:33 ubuntu kernel: [    0.000000] SRAT: PXM 0 -> APIC 0x6e -> Node 0
May 12 22:11:33 ubuntu kernel: [    0.000000] SRAT: PXM 0 -> APIC 0x70 -> Node 0
May 12 22:11:33 ubuntu kernel: [    0.000000] SRAT: PXM 0 -> APIC 0x72 -> Node 0
May 12 22:11:33 ubuntu kernel: [    0.000000] SRAT: PXM 0 -> APIC 0x74 -> Node 0
May 12 22:11:33 ubuntu kernel: [    0.000000] SRAT: PXM 0 -> APIC 0x76 -> Node 0
May 12 22:11:33 ubuntu kernel: [    0.000000] SRAT: PXM 0 -> APIC 0x78 -> Node 0
May 12 22:11:33 ubuntu kernel: [    0.000000] SRAT: PXM 0 -> APIC 0x7a -> Node 0
May 12 22:11:33 ubuntu kernel: [    0.000000] SRAT: PXM 0 -> APIC 0x7c -> Node 0
May 12 22:11:33 ubuntu kernel: [    0.000000] SRAT: PXM 0 -> APIC 0x7e -> Node 0
May 12 22:11:33 ubuntu kernel: [    0.000000] SRAT: PXM 0 -> APIC 0x80 -> Node 0
May 12 22:11:33 ubuntu kernel: [    0.000000] SRAT: PXM 0 -> APIC 0x82 -> Node 0
May 12 22:11:33 ubuntu kernel: [    0.000000] SRAT: PXM 0 -> APIC 0x84 -> Node 0
May 12 22:11:33 ubuntu kernel: [    0.000000] SRAT: PXM 0 -> APIC 0x86 -> Node 0
May 12 22:11:33 ubuntu kernel: [    0.000000] SRAT: PXM 0 -> APIC 0x88 -> Node 0
May 12 22:11:33 ubuntu kernel: [    0.000000] SRAT: PXM 0 -> APIC 0x8a -> Node 0
May 12 22:11:33 ubuntu kernel: [    0.000000] SRAT: PXM 0 -> APIC 0x8c -> Node 0
May 12 22:11:33 ubuntu kernel: [    0.000000] SRAT: PXM 0 -> APIC 0x8e -> Node 0
May 12 22:11:33 ubuntu kernel: [    0.000000] SRAT: PXM 0 -> APIC 0x90 -> Node 0
May 12 22:11:33 ubuntu kernel: [    0.000000] SRAT: PXM 0 -> APIC 0x92 -> Node 0
May 12 22:11:33 ubuntu kernel: [    0.000000] SRAT: PXM 0 -> APIC 0x94 -> Node 0
May 12 22:11:33 ubuntu kernel: [    0.000000] SRAT: PXM 0 -> APIC 0x96 -> Node 0
May 12 22:11:33 ubuntu kernel: [    0.000000] SRAT: PXM 0 -> APIC 0x98 -> Node 0
May 12 22:11:33 ubuntu kernel: [    0.000000] SRAT: PXM 0 -> APIC 0x9a -> Node 0
May 12 22:11:33 ubuntu kernel: [    0.000000] SRAT: PXM 0 -> APIC 0x9c -> Node 0
May 12 22:11:33 ubuntu kernel: [    0.000000] SRAT: PXM 0 -> APIC 0x9e -> Node 0
May 12 22:11:33 ubuntu kernel: [    0.000000] SRAT: PXM 0 -> APIC 0xa0 -> Node 0
May 12 22:11:33 ubuntu kernel: [    0.000000] SRAT: PXM 0 -> APIC 0xa2 -> Node 0
May 12 22:11:33 ubuntu kernel: [    0.000000] SRAT: PXM 0 -> APIC 0xa4 -> Node 0
May 12 22:11:33 ubuntu kernel: [    0.000000] SRAT: PXM 0 -> APIC 0xa6 -> Node 0
May 12 22:11:33 ubuntu kernel: [    0.000000] SRAT: PXM 0 -> APIC 0xa8 -> Node 0
May 12 22:11:33 ubuntu kernel: [    0.000000] SRAT: PXM 0 -> APIC 0xaa -> Node 0
May 12 22:11:33 ubuntu kernel: [    0.000000] SRAT: PXM 0 -> APIC 0xac -> Node 0
May 12 22:11:33 ubuntu kernel: [    0.000000] SRAT: PXM 0 -> APIC 0xae -> Node 0
May 12 22:11:33 ubuntu kernel: [    0.000000] SRAT: PXM 0 -> APIC 0xb0 -> Node 0
May 12 22:11:33 ubuntu kernel: [    0.000000] SRAT: PXM 0 -> APIC 0xb2 -> Node 0
May 12 22:11:33 ubuntu kernel: [    0.000000] SRAT: PXM 0 -> APIC 0xb4 -> Node 0
May 12 22:11:33 ubuntu kernel: [    0.000000] SRAT: PXM 0 -> APIC 0xb6 -> Node 0
May 12 22:11:33 ubuntu kernel: [    0.000000] SRAT: PXM 0 -> APIC 0xb8 -> Node 0
May 12 22:11:33 ubuntu kernel: [    0.000000] SRAT: PXM 0 -> APIC 0xba -> Node 0
May 12 22:11:33 ubuntu kernel: [    0.000000] SRAT: PXM 0 -> APIC 0xbc -> Node 0
May 12 22:11:33 ubuntu kernel: [    0.000000] SRAT: PXM 0 -> APIC 0xbe -> Node 0
May 12 22:11:33 ubuntu kernel: [    0.000000] SRAT: PXM 0 -> APIC 0xc0 -> Node 0
May 12 22:11:33 ubuntu kernel: [    0.000000] SRAT: PXM 0 -> APIC 0xc2 -> Node 0
May 12 22:11:33 ubuntu kernel: [    0.000000] SRAT: PXM 0 -> APIC 0xc4 -> Node 0
May 12 22:11:33 ubuntu kernel: [    0.000000] SRAT: PXM 0 -> APIC 0xc6 -> Node 0
May 12 22:11:33 ubuntu kernel: [    0.000000] SRAT: PXM 0 -> APIC 0xc8 -> Node 0
May 12 22:11:33 ubuntu kernel: [    0.000000] SRAT: PXM 0 -> APIC 0xca -> Node 0
May 12 22:11:33 ubuntu kernel: [    0.000000] SRAT: PXM 0 -> APIC 0xcc -> Node 0
May 12 22:11:33 ubuntu kernel: [    0.000000] SRAT: PXM 0 -> APIC 0xce -> Node 0
May 12 22:11:33 ubuntu kernel: [    0.000000] SRAT: PXM 0 -> APIC 0xd0 -> Node 0
May 12 22:11:33 ubuntu kernel: [    0.000000] SRAT: PXM 0 -> APIC 0xd2 -> Node 0
May 12 22:11:33 ubuntu kernel: [    0.000000] SRAT: PXM 0 -> APIC 0xd4 -> Node 0
May 12 22:11:33 ubuntu kernel: [    0.000000] SRAT: PXM 0 -> APIC 0xd6 -> Node 0
May 12 22:11:33 ubuntu kernel: [    0.000000] SRAT: PXM 0 -> APIC 0xd8 -> Node 0
May 12 22:11:33 ubuntu kernel: [    0.000000] SRAT: PXM 0 -> APIC 0xda -> Node 0
May 12 22:11:33 ubuntu kernel: [    0.000000] SRAT: PXM 0 -> APIC 0xdc -> Node 0
May 12 22:11:33 ubuntu kernel: [    0.000000] SRAT: PXM 0 -> APIC 0xde -> Node 0
May 12 22:11:33 ubuntu kernel: [    0.000000] SRAT: PXM 0 -> APIC 0xe0 -> Node 0
May 12 22:11:33 ubuntu kernel: [    0.000000] SRAT: PXM 0 -> APIC 0xe2 -> Node 0
May 12 22:11:33 ubuntu kernel: [    0.000000] SRAT: PXM 0 -> APIC 0xe4 -> Node 0
May 12 22:11:33 ubuntu kernel: [    0.000000] SRAT: PXM 0 -> APIC 0xe6 -> Node 0
May 12 22:11:33 ubuntu kernel: [    0.000000] SRAT: PXM 0 -> APIC 0xe8 -> Node 0
May 12 22:11:33 ubuntu kernel: [    0.000000] SRAT: PXM 0 -> APIC 0xea -> Node 0
May 12 22:11:33 ubuntu kernel: [    0.000000] SRAT: PXM 0 -> APIC 0xec -> Node 0
May 12 22:11:33 ubuntu kernel: [    0.000000] SRAT: PXM 0 -> APIC 0xee -> Node 0
May 12 22:11:33 ubuntu kernel: [    0.000000] SRAT: PXM 0 -> APIC 0xf0 -> Node 0
May 12 22:11:33 ubuntu kernel: [    0.000000] SRAT: PXM 0 -> APIC 0xf2 -> Node 0
May 12 22:11:33 ubuntu kernel: [    0.000000] SRAT: PXM 0 -> APIC 0xf4 -> Node 0
May 12 22:11:33 ubuntu kernel: [    0.000000] SRAT: PXM 0 -> APIC 0xf6 -> Node 0
May 12 22:11:33 ubuntu kernel: [    0.000000] SRAT: PXM 0 -> APIC 0xf8 -> Node 0
May 12 22:11:33 ubuntu kernel: [    0.000000] SRAT: PXM 0 -> APIC 0xfa -> Node 0
May 12 22:11:33 ubuntu kernel: [    0.000000] SRAT: PXM 0 -> APIC 0xfc -> Node 0
May 12 22:11:33 ubuntu kernel: [    0.000000] SRAT: PXM 0 -> APIC 0xfe -> Node 0
May 12 22:11:33 ubuntu kernel: [    0.000000] ACPI: SRAT: Node 0 PXM 0 [mem 0x00000000-0x0009ffff]
May 12 22:11:33 ubuntu kernel: [    0.000000] ACPI: SRAT: Node 0 PXM 0 [mem 0x00100000-0x7fffffff]
May 12 22:11:33 ubuntu kernel: [    0.000000] ACPI: SRAT: Node 0 PXM 0 [mem 0x80000000-0xbfffffff] hotplug
May 12 22:11:33 ubuntu kernel: [    0.000000] NUMA: Node 0 [mem 0x00000000-0x0009ffff] + [mem 0x00100000-0x7fffffff] -> [mem 0x00000000-0x7fffffff]
May 12 22:11:33 ubuntu kernel: [    0.000000] NODE_DATA(0) allocated [mem 0x7ffd5000-0x7fffffff]
May 12 22:11:33 ubuntu kernel: [    0.000000] Zone ranges:
May 12 22:11:33 ubuntu kernel: [    0.000000]   DMA      [mem 0x0000000000001000-0x0000000000ffffff]
May 12 22:11:33 ubuntu kernel: [    0.000000]   DMA32    [mem 0x0000000001000000-0x000000007fffffff]
May 12 22:11:33 ubuntu kernel: [    0.000000]   Normal   empty
May 12 22:11:33 ubuntu kernel: [    0.000000]   Device   empty
May 12 22:11:33 ubuntu kernel: [    0.000000] Movable zone start for each node
May 12 22:11:33 ubuntu kernel: [    0.000000] Early memory node ranges
May 12 22:11:33 ubuntu kernel: [    0.000000]   node   0: [mem 0x0000000000001000-0x000000000009dfff]
May 12 22:11:33 ubuntu kernel: [    0.000000]   node   0: [mem 0x0000000000100000-0x000000007fedffff]
May 12 22:11:33 ubuntu kernel: [    0.000000]   node   0: [mem 0x000000007ff00000-0x000000007fffffff]
May 12 22:11:33 ubuntu kernel: [    0.000000] Reserved but unavailable: 99 pages
May 12 22:11:33 ubuntu kernel: [    0.000000] Initmem setup node 0 [mem 0x0000000000001000-0x000000007fffffff]
May 12 22:11:33 ubuntu kernel: [    0.000000] On node 0 totalpages: 524157
May 12 22:11:33 ubuntu kernel: [    0.000000]   DMA zone: 64 pages used for memmap
May 12 22:11:33 ubuntu kernel: [    0.000000]   DMA zone: 21 pages reserved
May 12 22:11:33 ubuntu kernel: [    0.000000]   DMA zone: 3997 pages, LIFO batch:0
May 12 22:11:33 ubuntu kernel: [    0.000000]   DMA32 zone: 8128 pages used for memmap
May 12 22:11:33 ubuntu kernel: [    0.000000]   DMA32 zone: 520160 pages, LIFO batch:31
May 12 22:11:33 ubuntu kernel: [    0.000000] ACPI: PM-Timer IO Port: 0x1008
May 12 22:11:33 ubuntu kernel: [    0.000000] ACPI: Local APIC address 0xfee00000
May 12 22:11:33 ubuntu kernel: [    0.000000] system APIC only can use physical flat
May 12 22:11:33 ubuntu kernel: [    0.000000] ACPI: LAPIC_NMI (acpi_id[0x00] high edge lint[0x1])
May 12 22:11:33 ubuntu kernel: [    0.000000] ACPI: LAPIC_NMI (acpi_id[0x01] high edge lint[0x1])
May 12 22:11:33 ubuntu kernel: [    0.000000] ACPI: LAPIC_NMI (acpi_id[0x02] high edge lint[0x1])
May 12 22:11:33 ubuntu kernel: [    0.000000] ACPI: LAPIC_NMI (acpi_id[0x03] high edge lint[0x1])
May 12 22:11:33 ubuntu kernel: [    0.000000] ACPI: LAPIC_NMI (acpi_id[0x04] high edge lint[0x1])
May 12 22:11:33 ubuntu kernel: [    0.000000] ACPI: LAPIC_NMI (acpi_id[0x05] high edge lint[0x1])
May 12 22:11:33 ubuntu kernel: [    0.000000] ACPI: LAPIC_NMI (acpi_id[0x06] high edge lint[0x1])
May 12 22:11:33 ubuntu kernel: [    0.000000] ACPI: LAPIC_NMI (acpi_id[0x07] high edge lint[0x1])
May 12 22:11:33 ubuntu kernel: [    0.000000] ACPI: LAPIC_NMI (acpi_id[0x08] high edge lint[0x1])
May 12 22:11:33 ubuntu kernel: [    0.000000] ACPI: LAPIC_NMI (acpi_id[0x09] high edge lint[0x1])
May 12 22:11:33 ubuntu kernel: [    0.000000] ACPI: LAPIC_NMI (acpi_id[0x0a] high edge lint[0x1])
May 12 22:11:33 ubuntu kernel: [    0.000000] ACPI: LAPIC_NMI (acpi_id[0x0b] high edge lint[0x1])
May 12 22:11:33 ubuntu kernel: [    0.000000] ACPI: LAPIC_NMI (acpi_id[0x0c] high edge lint[0x1])
May 12 22:11:33 ubuntu kernel: [    0.000000] ACPI: LAPIC_NMI (acpi_id[0x0d] high edge lint[0x1])
May 12 22:11:33 ubuntu kernel: [    0.000000] ACPI: LAPIC_NMI (acpi_id[0x0e] high edge lint[0x1])
May 12 22:11:33 ubuntu kernel: [    0.000000] ACPI: LAPIC_NMI (acpi_id[0x0f] high edge lint[0x1])
May 12 22:11:33 ubuntu kernel: [    0.000000] ACPI: LAPIC_NMI (acpi_id[0x10] high edge lint[0x1])
May 12 22:11:33 ubuntu kernel: [    0.000000] ACPI: LAPIC_NMI (acpi_id[0x11] high edge lint[0x1])
May 12 22:11:33 ubuntu kernel: [    0.000000] ACPI: LAPIC_NMI (acpi_id[0x12] high edge lint[0x1])
May 12 22:11:33 ubuntu kernel: [    0.000000] ACPI: LAPIC_NMI (acpi_id[0x13] high edge lint[0x1])
May 12 22:11:33 ubuntu kernel: [    0.000000] ACPI: LAPIC_NMI (acpi_id[0x14] high edge lint[0x1])
May 12 22:11:33 ubuntu kernel: [    0.000000] ACPI: LAPIC_NMI (acpi_id[0x15] high edge lint[0x1])
May 12 22:11:33 ubuntu kernel: [    0.000000] ACPI: LAPIC_NMI (acpi_id[0x16] high edge lint[0x1])
May 12 22:11:33 ubuntu kernel: [    0.000000] ACPI: LAPIC_NMI (acpi_id[0x17] high edge lint[0x1])
May 12 22:11:33 ubuntu kernel: [    0.000000] ACPI: LAPIC_NMI (acpi_id[0x18] high edge lint[0x1])
May 12 22:11:33 ubuntu kernel: [    0.000000] ACPI: LAPIC_NMI (acpi_id[0x19] high edge lint[0x1])
May 12 22:11:33 ubuntu kernel: [    0.000000] ACPI: LAPIC_NMI (acpi_id[0x1a] high edge lint[0x1])
May 12 22:11:33 ubuntu kernel: [    0.000000] ACPI: LAPIC_NMI (acpi_id[0x1b] high edge lint[0x1])
May 12 22:11:33 ubuntu kernel: [    0.000000] ACPI: LAPIC_NMI (acpi_id[0x1c] high edge lint[0x1])
May 12 22:11:33 ubuntu kernel: [    0.000000] ACPI: LAPIC_NMI (acpi_id[0x1d] high edge lint[0x1])
May 12 22:11:33 ubuntu kernel: [    0.000000] ACPI: LAPIC_NMI (acpi_id[0x1e] high edge lint[0x1])
May 12 22:11:33 ubuntu kernel: [    0.000000] ACPI: LAPIC_NMI (acpi_id[0x1f] high edge lint[0x1])
May 12 22:11:33 ubuntu kernel: [    0.000000] ACPI: LAPIC_NMI (acpi_id[0x20] high edge lint[0x1])
May 12 22:11:33 ubuntu kernel: [    0.000000] ACPI: LAPIC_NMI (acpi_id[0x21] high edge lint[0x1])
May 12 22:11:33 ubuntu kernel: [    0.000000] ACPI: LAPIC_NMI (acpi_id[0x22] high edge lint[0x1])
May 12 22:11:33 ubuntu kernel: [    0.000000] ACPI: LAPIC_NMI (acpi_id[0x23] high edge lint[0x1])
May 12 22:11:33 ubuntu kernel: [    0.000000] ACPI: LAPIC_NMI (acpi_id[0x24] high edge lint[0x1])
May 12 22:11:33 ubuntu kernel: [    0.000000] ACPI: LAPIC_NMI (acpi_id[0x25] high edge lint[0x1])
May 12 22:11:33 ubuntu kernel: [    0.000000] ACPI: LAPIC_NMI (acpi_id[0x26] high edge lint[0x1])
May 12 22:11:33 ubuntu kernel: [    0.000000] ACPI: LAPIC_NMI (acpi_id[0x27] high edge lint[0x1])
May 12 22:11:33 ubuntu kernel: [    0.000000] ACPI: LAPIC_NMI (acpi_id[0x28] high edge lint[0x1])
May 12 22:11:33 ubuntu kernel: [    0.000000] ACPI: LAPIC_NMI (acpi_id[0x29] high edge lint[0x1])
May 12 22:11:33 ubuntu kernel: [    0.000000] ACPI: LAPIC_NMI (acpi_id[0x2a] high edge lint[0x1])
May 12 22:11:33 ubuntu kernel: [    0.000000] ACPI: LAPIC_NMI (acpi_id[0x2b] high edge lint[0x1])
May 12 22:11:33 ubuntu kernel: [    0.000000] ACPI: LAPIC_NMI (acpi_id[0x2c] high edge lint[0x1])
May 12 22:11:33 ubuntu kernel: [    0.000000] ACPI: LAPIC_NMI (acpi_id[0x2d] high edge lint[0x1])
May 12 22:11:33 ubuntu kernel: [    0.000000] ACPI: LAPIC_NMI (acpi_id[0x2e] high edge lint[0x1])
May 12 22:11:33 ubuntu kernel: [    0.000000] ACPI: LAPIC_NMI (acpi_id[0x2f] high edge lint[0x1])
May 12 22:11:33 ubuntu kernel: [    0.000000] ACPI: LAPIC_NMI (acpi_id[0x30] high edge lint[0x1])
May 12 22:11:33 ubuntu kernel: [    0.000000] ACPI: LAPIC_NMI (acpi_id[0x31] high edge lint[0x1])
May 12 22:11:33 ubuntu kernel: [    0.000000] ACPI: LAPIC_NMI (acpi_id[0x32] high edge lint[0x1])
May 12 22:11:33 ubuntu kernel: [    0.000000] ACPI: LAPIC_NMI (acpi_id[0x33] high edge lint[0x1])
May 12 22:11:33 ubuntu kernel: [    0.000000] ACPI: LAPIC_NMI (acpi_id[0x34] high edge lint[0x1])
May 12 22:11:33 ubuntu kernel: [    0.000000] ACPI: LAPIC_NMI (acpi_id[0x35] high edge lint[0x1])
May 12 22:11:33 ubuntu kernel: [    0.000000] ACPI: LAPIC_NMI (acpi_id[0x36] high edge lint[0x1])
May 12 22:11:33 ubuntu kernel: [    0.000000] ACPI: LAPIC_NMI (acpi_id[0x37] high edge lint[0x1])
May 12 22:11:33 ubuntu kernel: [    0.000000] ACPI: LAPIC_NMI (acpi_id[0x38] high edge lint[0x1])
May 12 22:11:33 ubuntu kernel: [    0.000000] ACPI: LAPIC_NMI (acpi_id[0x39] high edge lint[0x1])
May 12 22:11:33 ubuntu kernel: [    0.000000] ACPI: LAPIC_NMI (acpi_id[0x3a] high edge lint[0x1])
May 12 22:11:33 ubuntu kernel: [    0.000000] ACPI: LAPIC_NMI (acpi_id[0x3b] high edge lint[0x1])
May 12 22:11:33 ubuntu kernel: [    0.000000] ACPI: LAPIC_NMI (acpi_id[0x3c] high edge lint[0x1])
May 12 22:11:33 ubuntu kernel: [    0.000000] ACPI: LAPIC_NMI (acpi_id[0x3d] high edge lint[0x1])
May 12 22:11:33 ubuntu kernel: [    0.000000] ACPI: LAPIC_NMI (acpi_id[0x3e] high edge lint[0x1])
May 12 22:11:33 ubuntu kernel: [    0.000000] ACPI: LAPIC_NMI (acpi_id[0x3f] high edge lint[0x1])
May 12 22:11:33 ubuntu kernel: [    0.000000] ACPI: LAPIC_NMI (acpi_id[0x40] high edge lint[0x1])
May 12 22:11:33 ubuntu kernel: [    0.000000] ACPI: LAPIC_NMI (acpi_id[0x41] high edge lint[0x1])
May 12 22:11:33 ubuntu kernel: [    0.000000] ACPI: LAPIC_NMI (acpi_id[0x42] high edge lint[0x1])
May 12 22:11:33 ubuntu kernel: [    0.000000] ACPI: LAPIC_NMI (acpi_id[0x43] high edge lint[0x1])
May 12 22:11:33 ubuntu kernel: [    0.000000] ACPI: LAPIC_NMI (acpi_id[0x44] high edge lint[0x1])
May 12 22:11:33 ubuntu kernel: [    0.000000] ACPI: LAPIC_NMI (acpi_id[0x45] high edge lint[0x1])
May 12 22:11:33 ubuntu kernel: [    0.000000] ACPI: LAPIC_NMI (acpi_id[0x46] high edge lint[0x1])
May 12 22:11:33 ubuntu kernel: [    0.000000] ACPI: LAPIC_NMI (acpi_id[0x47] high edge lint[0x1])
May 12 22:11:33 ubuntu kernel: [    0.000000] ACPI: LAPIC_NMI (acpi_id[0x48] high edge lint[0x1])
May 12 22:11:33 ubuntu kernel: [    0.000000] ACPI: LAPIC_NMI (acpi_id[0x49] high edge lint[0x1])
May 12 22:11:33 ubuntu kernel: [    0.000000] ACPI: LAPIC_NMI (acpi_id[0x4a] high edge lint[0x1])
May 12 22:11:33 ubuntu kernel: [    0.000000] ACPI: LAPIC_NMI (acpi_id[0x4b] high edge lint[0x1])
May 12 22:11:33 ubuntu kernel: [    0.000000] ACPI: LAPIC_NMI (acpi_id[0x4c] high edge lint[0x1])
May 12 22:11:33 ubuntu kernel: [    0.000000] ACPI: LAPIC_NMI (acpi_id[0x4d] high edge lint[0x1])
May 12 22:11:33 ubuntu kernel: [    0.000000] ACPI: LAPIC_NMI (acpi_id[0x4e] high edge lint[0x1])
May 12 22:11:33 ubuntu kernel: [    0.000000] ACPI: LAPIC_NMI (acpi_id[0x4f] high edge lint[0x1])
May 12 22:11:33 ubuntu kernel: [    0.000000] ACPI: LAPIC_NMI (acpi_id[0x50] high edge lint[0x1])
May 12 22:11:33 ubuntu kernel: [    0.000000] ACPI: LAPIC_NMI (acpi_id[0x51] high edge lint[0x1])
May 12 22:11:33 ubuntu kernel: [    0.000000] ACPI: LAPIC_NMI (acpi_id[0x52] high edge lint[0x1])
May 12 22:11:33 ubuntu kernel: [    0.000000] ACPI: LAPIC_NMI (acpi_id[0x53] high edge lint[0x1])
May 12 22:11:33 ubuntu kernel: [    0.000000] ACPI: LAPIC_NMI (acpi_id[0x54] high edge lint[0x1])
May 12 22:11:33 ubuntu kernel: [    0.000000] ACPI: LAPIC_NMI (acpi_id[0x55] high edge lint[0x1])
May 12 22:11:33 ubuntu kernel: [    0.000000] ACPI: LAPIC_NMI (acpi_id[0x56] high edge lint[0x1])
May 12 22:11:33 ubuntu kernel: [    0.000000] ACPI: LAPIC_NMI (acpi_id[0x57] high edge lint[0x1])
May 12 22:11:33 ubuntu kernel: [    0.000000] ACPI: LAPIC_NMI (acpi_id[0x58] high edge lint[0x1])
May 12 22:11:33 ubuntu kernel: [    0.000000] ACPI: LAPIC_NMI (acpi_id[0x59] high edge lint[0x1])
May 12 22:11:33 ubuntu kernel: [    0.000000] ACPI: LAPIC_NMI (acpi_id[0x5a] high edge lint[0x1])
May 12 22:11:33 ubuntu kernel: [    0.000000] ACPI: LAPIC_NMI (acpi_id[0x5b] high edge lint[0x1])
May 12 22:11:33 ubuntu kernel: [    0.000000] ACPI: LAPIC_NMI (acpi_id[0x5c] high edge lint[0x1])
May 12 22:11:33 ubuntu kernel: [    0.000000] ACPI: LAPIC_NMI (acpi_id[0x5d] high edge lint[0x1])
May 12 22:11:33 ubuntu kernel: [    0.000000] ACPI: LAPIC_NMI (acpi_id[0x5e] high edge lint[0x1])
May 12 22:11:33 ubuntu kernel: [    0.000000] ACPI: LAPIC_NMI (acpi_id[0x5f] high edge lint[0x1])
May 12 22:11:33 ubuntu kernel: [    0.000000] ACPI: LAPIC_NMI (acpi_id[0x60] high edge lint[0x1])
May 12 22:11:33 ubuntu kernel: [    0.000000] ACPI: LAPIC_NMI (acpi_id[0x61] high edge lint[0x1])
May 12 22:11:33 ubuntu kernel: [    0.000000] ACPI: LAPIC_NMI (acpi_id[0x62] high edge lint[0x1])
May 12 22:11:33 ubuntu kernel: [    0.000000] ACPI: LAPIC_NMI (acpi_id[0x63] high edge lint[0x1])
May 12 22:11:33 ubuntu kernel: [    0.000000] ACPI: LAPIC_NMI (acpi_id[0x64] high edge lint[0x1])
May 12 22:11:33 ubuntu kernel: [    0.000000] ACPI: LAPIC_NMI (acpi_id[0x65] high edge lint[0x1])
May 12 22:11:33 ubuntu kernel: [    0.000000] ACPI: LAPIC_NMI (acpi_id[0x66] high edge lint[0x1])
May 12 22:11:33 ubuntu kernel: [    0.000000] ACPI: LAPIC_NMI (acpi_id[0x67] high edge lint[0x1])
May 12 22:11:33 ubuntu kernel: [    0.000000] ACPI: LAPIC_NMI (acpi_id[0x68] high edge lint[0x1])
May 12 22:11:33 ubuntu kernel: [    0.000000] ACPI: LAPIC_NMI (acpi_id[0x69] high edge lint[0x1])
May 12 22:11:33 ubuntu kernel: [    0.000000] ACPI: LAPIC_NMI (acpi_id[0x6a] high edge lint[0x1])
May 12 22:11:33 ubuntu kernel: [    0.000000] ACPI: LAPIC_NMI (acpi_id[0x6b] high edge lint[0x1])
May 12 22:11:33 ubuntu kernel: [    0.000000] ACPI: LAPIC_NMI (acpi_id[0x6c] high edge lint[0x1])
May 12 22:11:33 ubuntu kernel: [    0.000000] ACPI: LAPIC_NMI (acpi_id[0x6d] high edge lint[0x1])
May 12 22:11:33 ubuntu kernel: [    0.000000] ACPI: LAPIC_NMI (acpi_id[0x6e] high edge lint[0x1])
May 12 22:11:33 ubuntu kernel: [    0.000000] ACPI: LAPIC_NMI (acpi_id[0x6f] high edge lint[0x1])
May 12 22:11:33 ubuntu kernel: [    0.000000] ACPI: LAPIC_NMI (acpi_id[0x70] high edge lint[0x1])
May 12 22:11:33 ubuntu kernel: [    0.000000] ACPI: LAPIC_NMI (acpi_id[0x71] high edge lint[0x1])
May 12 22:11:33 ubuntu kernel: [    0.000000] ACPI: LAPIC_NMI (acpi_id[0x72] high edge lint[0x1])
May 12 22:11:33 ubuntu kernel: [    0.000000] ACPI: LAPIC_NMI (acpi_id[0x73] high edge lint[0x1])
May 12 22:11:33 ubuntu kernel: [    0.000000] ACPI: LAPIC_NMI (acpi_id[0x74] high edge lint[0x1])
May 12 22:11:33 ubuntu kernel: [    0.000000] ACPI: LAPIC_NMI (acpi_id[0x75] high edge lint[0x1])
May 12 22:11:33 ubuntu kernel: [    0.000000] ACPI: LAPIC_NMI (acpi_id[0x76] high edge lint[0x1])
May 12 22:11:33 ubuntu kernel: [    0.000000] ACPI: LAPIC_NMI (acpi_id[0x77] high edge lint[0x1])
May 12 22:11:33 ubuntu kernel: [    0.000000] ACPI: LAPIC_NMI (acpi_id[0x78] high edge lint[0x1])
May 12 22:11:33 ubuntu kernel: [    0.000000] ACPI: LAPIC_NMI (acpi_id[0x79] high edge lint[0x1])
May 12 22:11:33 ubuntu kernel: [    0.000000] ACPI: LAPIC_NMI (acpi_id[0x7a] high edge lint[0x1])
May 12 22:11:33 ubuntu kernel: [    0.000000] ACPI: LAPIC_NMI (acpi_id[0x7b] high edge lint[0x1])
May 12 22:11:33 ubuntu kernel: [    0.000000] ACPI: LAPIC_NMI (acpi_id[0x7c] high edge lint[0x1])
May 12 22:11:33 ubuntu kernel: [    0.000000] ACPI: LAPIC_NMI (acpi_id[0x7d] high edge lint[0x1])
May 12 22:11:33 ubuntu kernel: [    0.000000] ACPI: LAPIC_NMI (acpi_id[0x7e] high edge lint[0x1])
May 12 22:11:33 ubuntu kernel: [    0.000000] ACPI: LAPIC_NMI (acpi_id[0x7f] high edge lint[0x1])
May 12 22:11:33 ubuntu kernel: [    0.000000] IOAPIC[0]: apic_id 1, version 17, address 0xfec00000, GSI 0-23
May 12 22:11:33 ubuntu kernel: [    0.000000] ACPI: INT_SRC_OVR (bus 0 bus_irq 0 global_irq 2 high edge)
May 12 22:11:33 ubuntu kernel: [    0.000000] ACPI: IRQ0 used by override.
May 12 22:11:33 ubuntu kernel: [    0.000000] ACPI: IRQ9 used by override.
May 12 22:11:33 ubuntu kernel: [    0.000000] Using ACPI (MADT) for SMP configuration information
May 12 22:11:33 ubuntu kernel: [    0.000000] ACPI: HPET id: 0x8086af01 base: 0xfed00000
May 12 22:11:33 ubuntu kernel: [    0.000000] smpboot: Allowing 128 CPUs, 127 hotplug CPUs
May 12 22:11:33 ubuntu kernel: [    0.000000] PM: Registered nosave memory: [mem 0x00000000-0x00000fff]
May 12 22:11:33 ubuntu kernel: [    0.000000] PM: Registered nosave memory: [mem 0x0009e000-0x0009efff]
May 12 22:11:33 ubuntu kernel: [    0.000000] PM: Registered nosave memory: [mem 0x0009f000-0x0009ffff]
May 12 22:11:33 ubuntu kernel: [    0.000000] PM: Registered nosave memory: [mem 0x000a0000-0x000dbfff]
May 12 22:11:33 ubuntu kernel: [    0.000000] PM: Registered nosave memory: [mem 0x000dc000-0x000fffff]
May 12 22:11:33 ubuntu kernel: [    0.000000] PM: Registered nosave memory: [mem 0x7fee0000-0x7fefefff]
May 12 22:11:33 ubuntu kernel: [    0.000000] PM: Registered nosave memory: [mem 0x7feff000-0x7fefffff]
May 12 22:11:33 ubuntu kernel: [    0.000000] e820: [mem 0x80000000-0xefffffff] available for PCI devices
May 12 22:11:33 ubuntu kernel: [    0.000000] Booting paravirtualized kernel on VMware hypervisor
May 12 22:11:33 ubuntu kernel: [    0.000000] clocksource: refined-jiffies: mask: 0xffffffff max_cycles: 0xffffffff, max_idle_ns: 7645519600211568 ns
May 12 22:11:33 ubuntu kernel: [    0.000000] random: get_random_bytes called from start_kernel+0x99/0x51e with crng_init=0
May 12 22:11:33 ubuntu kernel: [    0.000000] setup_percpu: NR_CPUS:8192 nr_cpumask_bits:128 nr_cpu_ids:128 nr_node_ids:1
May 12 22:11:33 ubuntu kernel: [    0.000000] percpu: Embedded 45 pages/cpu s147456 r8192 d28672 u262144
May 12 22:11:33 ubuntu kernel: [    0.000000] pcpu-alloc: s147456 r8192 d28672 u262144 alloc=1*2097152
May 12 22:11:33 ubuntu kernel: [    0.000000] pcpu-alloc: [0] 000 001 002 003 004 005 006 007 
May 12 22:11:33 ubuntu kernel: [    0.000000] pcpu-alloc: [0] 008 009 010 011 012 013 014 015 
May 12 22:11:33 ubuntu kernel: [    0.000000] pcpu-alloc: [0] 016 017 018 019 020 021 022 023 
May 12 22:11:33 ubuntu kernel: [    0.000000] pcpu-alloc: [0] 024 025 026 027 028 029 030 031 
May 12 22:11:33 ubuntu kernel: [    0.000000] pcpu-alloc: [0] 032 033 034 035 036 037 038 039 
May 12 22:11:33 ubuntu kernel: [    0.000000] pcpu-alloc: [0] 040 041 042 043 044 045 046 047 
May 12 22:11:33 ubuntu kernel: [    0.000000] pcpu-alloc: [0] 048 049 050 051 052 053 054 055 
May 12 22:11:33 ubuntu kernel: [    0.000000] pcpu-alloc: [0] 056 057 058 059 060 061 062 063 
May 12 22:11:33 ubuntu kernel: [    0.000000] pcpu-alloc: [0] 064 065 066 067 068 069 070 071 
May 12 22:11:33 ubuntu kernel: [    0.000000] pcpu-alloc: [0] 072 073 074 075 076 077 078 079 
May 12 22:11:33 ubuntu kernel: [    0.000000] pcpu-alloc: [0] 080 081 082 083 084 085 086 087 
May 12 22:11:33 ubuntu kernel: [    0.000000] pcpu-alloc: [0] 088 089 090 091 092 093 094 095 
May 12 22:11:33 ubuntu kernel: [    0.000000] pcpu-alloc: [0] 096 097 098 099 100 101 102 103 
May 12 22:11:33 ubuntu kernel: [    0.000000] pcpu-alloc: [0] 104 105 106 107 108 109 110 111 
May 12 22:11:33 ubuntu kernel: [    0.000000] pcpu-alloc: [0] 112 113 114 115 116 117 118 119 
May 12 22:11:33 ubuntu kernel: [    0.000000] pcpu-alloc: [0] 120 121 122 123 124 125 126 127 
May 12 22:11:33 ubuntu kernel: [    0.000000] Built 1 zonelists, mobility grouping on.  Total pages: 515944
May 12 22:11:33 ubuntu kernel: [    0.000000] Policy zone: DMA32
May 12 22:11:33 ubuntu kernel: [    0.000000] Kernel command line: BOOT_IMAGE=/boot/vmlinuz-4.15.0-142-generic root=UUID=28aabd57-1c85-4cc0-853e-b18310f81cc9 ro find_preseed=/preseed.cfg auto noprompt priority=critical locale=en_US quiet
May 12 22:11:33 ubuntu kernel: [    0.000000] log_buf_len individual max cpu contribution: 4096 bytes
May 12 22:11:33 ubuntu kernel: [    0.000000] log_buf_len total cpu_extra contributions: 520192 bytes
May 12 22:11:33 ubuntu kernel: [    0.000000] log_buf_len min size: 262144 bytes
May 12 22:11:33 ubuntu kernel: [    0.000000] log_buf_len: 1048576 bytes
May 12 22:11:33 ubuntu kernel: [    0.000000] early log buf free: 237100(90%)
May 12 22:11:33 ubuntu kernel: [    0.000000] Calgary: detecting Calgary via BIOS EBDA area
May 12 22:11:33 ubuntu kernel: [    0.000000] Calgary: Unable to locate Rio Grande table in EBDA - bailing!
May 12 22:11:33 ubuntu kernel: [    0.000000] Memory: 1955948K/2096628K available (12300K kernel code, 2482K rwdata, 4224K rodata, 2440K init, 2724K bss, 140680K reserved, 0K cma-reserved)
May 12 22:11:33 ubuntu kernel: [    0.000000] SLUB: HWalign=64, Order=0-3, MinObjects=0, CPUs=128, Nodes=1
May 12 22:11:33 ubuntu kernel: [    0.000000] ftrace: allocating 39412 entries in 154 pages
May 12 22:11:33 ubuntu kernel: [    0.004000] Hierarchical RCU implementation.
May 12 22:11:33 ubuntu kernel: [    0.004000] 	RCU restricting CPUs from NR_CPUS=8192 to nr_cpu_ids=128.
May 12 22:11:33 ubuntu kernel: [    0.004000] 	Tasks RCU enabled.
May 12 22:11:33 ubuntu kernel: [    0.004000] RCU: Adjusting geometry for rcu_fanout_leaf=16, nr_cpu_ids=128
May 12 22:11:33 ubuntu kernel: [    0.004000] NR_IRQS: 524544, nr_irqs: 1448, preallocated irqs: 16
May 12 22:11:33 ubuntu kernel: [    0.004000] Console: colour VGA+ 80x25
May 12 22:11:33 ubuntu kernel: [    0.004000] console [tty0] enabled
May 12 22:11:33 ubuntu kernel: [    0.004000] ACPI: Core revision 20170831
May 12 22:11:33 ubuntu kernel: [    0.004000] ACPI: 1 ACPI AML tables successfully acquired and loaded
May 12 22:11:33 ubuntu kernel: [    0.004000] clocksource: hpet: mask: 0xffffffff max_cycles: 0xffffffff, max_idle_ns: 133484882848 ns
May 12 22:11:33 ubuntu kernel: [    0.004000] hpet clockevent registered
May 12 22:11:33 ubuntu kernel: [    0.004011] APIC: Switch to symmetric I/O mode setup
May 12 22:11:33 ubuntu kernel: [    0.004189] x2apic enabled
May 12 22:11:33 ubuntu kernel: [    0.004294] Switched APIC routing to physical x2apic.
May 12 22:11:33 ubuntu kernel: [    0.004706] ..TIMER: vector=0x30 apic1=0 pin1=2 apic2=-1 pin2=-1
May 12 22:11:33 ubuntu kernel: [    0.004718] tsc: Detected 2096.066 MHz processor
May 12 22:11:33 ubuntu kernel: [    0.004719] Calibrating delay loop (skipped) preset value.. 4192.13 BogoMIPS (lpj=8384264)
May 12 22:11:33 ubuntu kernel: [    0.004719] pid_max: default: 131072 minimum: 1024
May 12 22:11:33 ubuntu kernel: [    0.004719] Security Framework initialized
May 12 22:11:33 ubuntu kernel: [    0.004719] Yama: becoming mindful.
May 12 22:11:33 ubuntu kernel: [    0.004719] AppArmor: AppArmor initialized
May 12 22:11:33 ubuntu kernel: [    0.012009] Dentry cache hash table entries: 262144 (order: 9, 2097152 bytes)
May 12 22:11:33 ubuntu kernel: [    0.016118] Inode-cache hash table entries: 131072 (order: 8, 1048576 bytes)
May 12 22:11:33 ubuntu kernel: [    0.016274] Mount-cache hash table entries: 4096 (order: 3, 32768 bytes)
May 12 22:11:33 ubuntu kernel: [    0.016385] Mountpoint-cache hash table entries: 4096 (order: 3, 32768 bytes)
May 12 22:11:33 ubuntu kernel: [    0.017148] LVT offset 2 assigned for vector 0xf4
May 12 22:11:33 ubuntu kernel: [    0.017152] Last level iTLB entries: 4KB 1024, 2MB 1024, 4MB 512
May 12 22:11:33 ubuntu kernel: [    0.017152] Last level dTLB entries: 4KB 2048, 2MB 2048, 4MB 1024, 1GB 0
May 12 22:11:33 ubuntu kernel: [    0.017154] Spectre V1 : Mitigation: usercopy/swapgs barriers and __user pointer sanitization
May 12 22:11:33 ubuntu kernel: [    0.017155] Spectre V2 : Mitigation: Full AMD retpoline
May 12 22:11:33 ubuntu kernel: [    0.017156] Spectre V2 : Spectre v2 / SpectreRSB mitigation: Filling RSB on context switch
May 12 22:11:33 ubuntu kernel: [    0.017162] Spectre V2 : mitigation: Enabling conditional Indirect Branch Prediction Barrier
May 12 22:11:33 ubuntu kernel: [    0.017164] Speculative Store Bypass: Mitigation: Speculative Store Bypass disabled via prctl and seccomp
May 12 22:11:33 ubuntu kernel: [    0.025804] smpboot: CPU0: AMD Ryzen 5 5500U with Radeon Graphics (family: 0x17, model: 0x68, stepping: 0x1)
May 12 22:11:33 ubuntu kernel: [    0.026234] Performance Events: AMD PMU driver.
May 12 22:11:33 ubuntu kernel: [    0.026241] ... version:                0
May 12 22:11:33 ubuntu kernel: [    0.026241] ... bit width:              48
May 12 22:11:33 ubuntu kernel: [    0.026242] ... generic registers:      4
May 12 22:11:33 ubuntu kernel: [    0.026242] ... value mask:             0000ffffffffffff
May 12 22:11:33 ubuntu kernel: [    0.026242] ... max period:             00007fffffffffff
May 12 22:11:33 ubuntu kernel: [    0.026242] ... fixed-purpose events:   0
May 12 22:11:33 ubuntu kernel: [    0.026243] ... event mask:             000000000000000f
May 12 22:11:33 ubuntu kernel: [    0.026377] Hierarchical SRCU implementation.
May 12 22:11:33 ubuntu kernel: [    0.032130] NMI watchdog: Enabled. Permanently consumes one hw-PMU counter.
May 12 22:11:33 ubuntu kernel: [    0.042461] smp: Bringing up secondary CPUs ...
May 12 22:11:33 ubuntu kernel: [    0.042463] smp: Brought up 1 node, 1 CPU
May 12 22:11:33 ubuntu kernel: [    0.042464] smpboot: Max logical packages: 128
May 12 22:11:33 ubuntu kernel: [    0.042465] smpboot: Total of 1 processors activated (4192.13 BogoMIPS)
May 12 22:11:33 ubuntu kernel: [    0.043526] devtmpfs: initialized
May 12 22:11:33 ubuntu kernel: [    0.043594] x86/mm: Memory block size: 128MB
May 12 22:11:33 ubuntu kernel: [    0.044185] evm: security.selinux
May 12 22:11:33 ubuntu kernel: [    0.044186] evm: security.SMACK64
May 12 22:11:33 ubuntu kernel: [    0.044186] evm: security.SMACK64EXEC
May 12 22:11:33 ubuntu kernel: [    0.044186] evm: security.SMACK64TRANSMUTE
May 12 22:11:33 ubuntu kernel: [    0.044186] evm: security.SMACK64MMAP
May 12 22:11:33 ubuntu kernel: [    0.044187] evm: security.apparmor
May 12 22:11:33 ubuntu kernel: [    0.044187] evm: security.ima
May 12 22:11:33 ubuntu kernel: [    0.044187] evm: security.capability
May 12 22:11:33 ubuntu kernel: [    0.044424] PM: Registering ACPI NVS region [mem 0x7feff000-0x7fefffff] (4096 bytes)
May 12 22:11:33 ubuntu kernel: [    0.044612] clocksource: jiffies: mask: 0xffffffff max_cycles: 0xffffffff, max_idle_ns: 7645041785100000 ns
May 12 22:11:33 ubuntu kernel: [    0.044689] futex hash table entries: 32768 (order: 9, 2097152 bytes)
May 12 22:11:33 ubuntu kernel: [    0.052378] pinctrl core: initialized pinctrl subsystem
May 12 22:11:33 ubuntu kernel: [    0.052573] RTC time: 14:11:28, date: 05/12/22
May 12 22:11:33 ubuntu kernel: [    0.053007] NET: Registered protocol family 16
May 12 22:11:33 ubuntu kernel: [    0.053152] audit: initializing netlink subsys (disabled)
May 12 22:11:33 ubuntu kernel: [    0.053424] cpuidle: using governor ladder
May 12 22:11:33 ubuntu kernel: [    0.053424] cpuidle: using governor menu
May 12 22:11:33 ubuntu kernel: [    0.053600] Simple Boot Flag at 0x36 set to 0x80
May 12 22:11:33 ubuntu kernel: [    0.053622] ACPI: bus type PCI registered
May 12 22:11:33 ubuntu kernel: [    0.053624] acpiphp: ACPI Hot Plug PCI Controller Driver version: 0.5
May 12 22:11:33 ubuntu kernel: [    0.053975] PCI: MMCONFIG for domain 0000 [bus 00-7f] at [mem 0xf0000000-0xf7ffffff] (base 0xf0000000)
May 12 22:11:33 ubuntu kernel: [    0.053978] PCI: MMCONFIG at [mem 0xf0000000-0xf7ffffff] reserved in E820
May 12 22:11:33 ubuntu kernel: [    0.053985] PCI: Using configuration type 1 for base access
May 12 22:11:33 ubuntu kernel: [    0.055358] audit: type=2000 audit(1652364687.052:1): state=initialized audit_enabled=0 res=1
May 12 22:11:33 ubuntu kernel: [    0.055719] HugeTLB registered 1.00 GiB page size, pre-allocated 0 pages
May 12 22:11:33 ubuntu kernel: [    0.055719] HugeTLB registered 2.00 MiB page size, pre-allocated 0 pages
May 12 22:11:33 ubuntu kernel: [    0.056846] ACPI: Added _OSI(Module Device)
May 12 22:11:33 ubuntu kernel: [    0.056846] ACPI: Added _OSI(Processor Device)
May 12 22:11:33 ubuntu kernel: [    0.056847] ACPI: Added _OSI(3.0 _SCP Extensions)
May 12 22:11:33 ubuntu kernel: [    0.056847] ACPI: Added _OSI(Processor Aggregator Device)
May 12 22:11:33 ubuntu kernel: [    0.056848] ACPI: Added _OSI(Linux-Dell-Video)
May 12 22:11:33 ubuntu kernel: [    0.056848] ACPI: Added _OSI(Linux-Lenovo-NV-HDMI-Audio)
May 12 22:11:33 ubuntu kernel: [    0.056848] ACPI: Added _OSI(Linux-HPI-Hybrid-Graphics)
May 12 22:11:33 ubuntu kernel: [    0.061011] ACPI: [Firmware Bug]: BIOS _OSI(Linux) query ignored
May 12 22:11:33 ubuntu kernel: [    0.076000] ACPI: Interpreter enabled
May 12 22:11:33 ubuntu kernel: [    0.076000] ACPI: (supports S0 S1 S4 S5)
May 12 22:11:33 ubuntu kernel: [    0.076000] ACPI: Using IOAPIC for interrupt routing
May 12 22:11:33 ubuntu kernel: [    0.076000] PCI: Using host bridge windows from ACPI; if necessary, use "pci=nocrs" and report a bug
May 12 22:11:33 ubuntu kernel: [    0.076000] ACPI: Enabled 4 GPEs in block 00 to 0F
May 12 22:11:33 ubuntu kernel: [    0.146358] ACPI: PCI Root Bridge [PCI0] (domain 0000 [bus 00-7f])
May 12 22:11:33 ubuntu kernel: [    0.146364] acpi PNP0A03:00: _OSC: OS supports [ExtendedConfig ASPM ClockPM Segments MSI]
May 12 22:11:33 ubuntu kernel: [    0.146538] acpi PNP0A03:00: _OSC: platform does not support [AER]
May 12 22:11:33 ubuntu kernel: [    0.146715] acpi PNP0A03:00: _OSC: OS now controls [PCIeHotplug PME PCIeCapability]
May 12 22:11:33 ubuntu kernel: [    0.148462] PCI host bridge to bus 0000:00
May 12 22:11:33 ubuntu kernel: [    0.148464] pci_bus 0000:00: root bus resource [mem 0x000a0000-0x000bffff window]
May 12 22:11:33 ubuntu kernel: [    0.148465] pci_bus 0000:00: root bus resource [mem 0x000d0000-0x000d3fff window]
May 12 22:11:33 ubuntu kernel: [    0.148465] pci_bus 0000:00: root bus resource [mem 0x000d4000-0x000d7fff window]
May 12 22:11:33 ubuntu kernel: [    0.148466] pci_bus 0000:00: root bus resource [mem 0x000d8000-0x000dbfff window]
May 12 22:11:33 ubuntu kernel: [    0.148466] pci_bus 0000:00: root bus resource [mem 0xc0000000-0xfebfffff window]
May 12 22:11:33 ubuntu kernel: [    0.148467] pci_bus 0000:00: root bus resource [io  0x0000-0x0cf7 window]
May 12 22:11:33 ubuntu kernel: [    0.148467] pci_bus 0000:00: root bus resource [io  0x0d00-0xfeff window]
May 12 22:11:33 ubuntu kernel: [    0.148469] pci_bus 0000:00: root bus resource [bus 00-7f]
May 12 22:11:33 ubuntu kernel: [    0.148510] pci 0000:00:00.0: [8086:7190] type 00 class 0x060000
May 12 22:11:33 ubuntu kernel: [    0.149075] pci 0000:00:01.0: [8086:7191] type 01 class 0x060400
May 12 22:11:33 ubuntu kernel: [    0.149572] pci 0000:00:07.0: [8086:7110] type 00 class 0x060100
May 12 22:11:33 ubuntu kernel: [    0.150374] pci 0000:00:07.1: [8086:7111] type 00 class 0x01018a
May 12 22:11:33 ubuntu kernel: [    0.151122] pci 0000:00:07.1: reg 0x20: [io  0x1060-0x106f]
May 12 22:11:33 ubuntu kernel: [    0.151426] pci 0000:00:07.1: legacy IDE quirk: reg 0x10: [io  0x01f0-0x01f7]
May 12 22:11:33 ubuntu kernel: [    0.151426] pci 0000:00:07.1: legacy IDE quirk: reg 0x14: [io  0x03f6]
May 12 22:11:33 ubuntu kernel: [    0.151427] pci 0000:00:07.1: legacy IDE quirk: reg 0x18: [io  0x0170-0x0177]
May 12 22:11:33 ubuntu kernel: [    0.151427] pci 0000:00:07.1: legacy IDE quirk: reg 0x1c: [io  0x0376]
May 12 22:11:33 ubuntu kernel: [    0.151616] pci 0000:00:07.3: [8086:7113] type 00 class 0x068000
May 12 22:11:33 ubuntu kernel: [    0.152504] pci 0000:00:07.3: quirk: [io  0x1000-0x103f] claimed by PIIX4 ACPI
May 12 22:11:33 ubuntu kernel: [    0.152514] pci 0000:00:07.3: quirk: [io  0x1040-0x104f] claimed by PIIX4 SMB
May 12 22:11:33 ubuntu kernel: [    0.152817] pci 0000:00:07.7: [15ad:0740] type 00 class 0x088000
May 12 22:11:33 ubuntu kernel: [    0.153120] pci 0000:00:07.7: reg 0x10: [io  0x1080-0x10bf]
May 12 22:11:33 ubuntu kernel: [    0.153357] pci 0000:00:07.7: reg 0x14: [mem 0xfebfe000-0xfebfffff 64bit]
May 12 22:11:33 ubuntu kernel: [    0.154646] pci 0000:00:0f.0: [15ad:0405] type 00 class 0x030000
May 12 22:11:33 ubuntu kernel: [    0.155371] pci 0000:00:0f.0: reg 0x10: [io  0x1070-0x107f]
May 12 22:11:33 ubuntu kernel: [    0.156002] pci 0000:00:0f.0: reg 0x14: [mem 0xe8000000-0xefffffff pref]
May 12 22:11:33 ubuntu kernel: [    0.156603] pci 0000:00:0f.0: reg 0x18: [mem 0xfe000000-0xfe7fffff]
May 12 22:11:33 ubuntu kernel: [    0.159030] pci 0000:00:0f.0: reg 0x30: [mem 0x00000000-0x00007fff pref]
May 12 22:11:33 ubuntu kernel: [    0.159466] pci 0000:00:10.0: [1000:0030] type 00 class 0x010000
May 12 22:11:33 ubuntu kernel: [    0.159830] pci 0000:00:10.0: reg 0x10: [io  0x1400-0x14ff]
May 12 22:11:33 ubuntu kernel: [    0.160169] pci 0000:00:10.0: reg 0x14: [mem 0xfeba0000-0xfebbffff 64bit]
May 12 22:11:33 ubuntu kernel: [    0.160482] pci 0000:00:10.0: reg 0x1c: [mem 0xfebc0000-0xfebdffff 64bit]
May 12 22:11:33 ubuntu kernel: [    0.161044] pci 0000:00:10.0: reg 0x30: [mem 0x00000000-0x00003fff pref]
May 12 22:11:33 ubuntu kernel: [    0.161435] pci 0000:00:11.0: [15ad:0790] type 01 class 0x060401
May 12 22:11:33 ubuntu kernel: [    0.162133] pci 0000:00:15.0: [15ad:07a0] type 01 class 0x060400
May 12 22:11:33 ubuntu kernel: [    0.162816] pci 0000:00:15.0: PME# supported from D0 D3hot D3cold
May 12 22:11:33 ubuntu kernel: [    0.163120] pci 0000:00:15.1: [15ad:07a0] type 01 class 0x060400
May 12 22:11:33 ubuntu kernel: [    0.163799] pci 0000:00:15.1: PME# supported from D0 D3hot D3cold
May 12 22:11:33 ubuntu kernel: [    0.164230] pci 0000:00:15.2: [15ad:07a0] type 01 class 0x060400
May 12 22:11:33 ubuntu kernel: [    0.164911] pci 0000:00:15.2: PME# supported from D0 D3hot D3cold
May 12 22:11:33 ubuntu kernel: [    0.165221] pci 0000:00:15.3: [15ad:07a0] type 01 class 0x060400
May 12 22:11:33 ubuntu kernel: [    0.165903] pci 0000:00:15.3: PME# supported from D0 D3hot D3cold
May 12 22:11:33 ubuntu kernel: [    0.166204] pci 0000:00:15.4: [15ad:07a0] type 01 class 0x060400
May 12 22:11:33 ubuntu kernel: [    0.166883] pci 0000:00:15.4: PME# supported from D0 D3hot D3cold
May 12 22:11:33 ubuntu kernel: [    0.167228] pci 0000:00:15.5: [15ad:07a0] type 01 class 0x060400
May 12 22:11:33 ubuntu kernel: [    0.167907] pci 0000:00:15.5: PME# supported from D0 D3hot D3cold
May 12 22:11:33 ubuntu kernel: [    0.168229] pci 0000:00:15.6: [15ad:07a0] type 01 class 0x060400
May 12 22:11:33 ubuntu kernel: [    0.168909] pci 0000:00:15.6: PME# supported from D0 D3hot D3cold
May 12 22:11:33 ubuntu kernel: [    0.169217] pci 0000:00:15.7: [15ad:07a0] type 01 class 0x060400
May 12 22:11:33 ubuntu kernel: [    0.169896] pci 0000:00:15.7: PME# supported from D0 D3hot D3cold
May 12 22:11:33 ubuntu kernel: [    0.170160] pci 0000:00:16.0: [15ad:07a0] type 01 class 0x060400
May 12 22:11:33 ubuntu kernel: [    0.170838] pci 0000:00:16.0: PME# supported from D0 D3hot D3cold
May 12 22:11:33 ubuntu kernel: [    0.171134] pci 0000:00:16.1: [15ad:07a0] type 01 class 0x060400
May 12 22:11:33 ubuntu kernel: [    0.171813] pci 0000:00:16.1: PME# supported from D0 D3hot D3cold
May 12 22:11:33 ubuntu kernel: [    0.172233] pci 0000:00:16.2: [15ad:07a0] type 01 class 0x060400
May 12 22:11:33 ubuntu kernel: [    0.172913] pci 0000:00:16.2: PME# supported from D0 D3hot D3cold
May 12 22:11:33 ubuntu kernel: [    0.173219] pci 0000:00:16.3: [15ad:07a0] type 01 class 0x060400
May 12 22:11:33 ubuntu kernel: [    0.173898] pci 0000:00:16.3: PME# supported from D0 D3hot D3cold
May 12 22:11:33 ubuntu kernel: [    0.174194] pci 0000:00:16.4: [15ad:07a0] type 01 class 0x060400
